Archive member included to satisfy reference by file (symbol)

/nix/store/7cgn622cqyz41hw4z07lv305pfk5n6r0-source/bin/../lib/gcc/riscv-none-elf/13.2.0/../../../../riscv-none-elf/lib/rv32imafc_zicsr/ilp32f/libg_nano.a(libc_a-atexit.o)
                              ./build/./vendor/Startup/startup_ch32v20x_D6.S.o (atexit)
/nix/store/7cgn622cqyz41hw4z07lv305pfk5n6r0-source/bin/../lib/gcc/riscv-none-elf/13.2.0/../../../../riscv-none-elf/lib/rv32imafc_zicsr/ilp32f/libg_nano.a(libc_a-printf.o)
                              ./build/./app/Core/main.c.o (printf)
/nix/store/7cgn622cqyz41hw4z07lv305pfk5n6r0-source/bin/../lib/gcc/riscv-none-elf/13.2.0/../../../../riscv-none-elf/lib/rv32imafc_zicsr/ilp32f/libg_nano.a(libc_a-puts.o)
                              ./build/./app/Core/main.c.o (puts)
/nix/store/7cgn622cqyz41hw4z07lv305pfk5n6r0-source/bin/../lib/gcc/riscv-none-elf/13.2.0/../../../../riscv-none-elf/lib/rv32imafc_zicsr/ilp32f/libg_nano.a(libc_a-wbuf.o)
                              /nix/store/7cgn622cqyz41hw4z07lv305pfk5n6r0-source/bin/../lib/gcc/riscv-none-elf/13.2.0/../../../../riscv-none-elf/lib/rv32imafc_zicsr/ilp32f/libg_nano.a(libc_a-puts.o) (__swbuf_r)
/nix/store/7cgn622cqyz41hw4z07lv305pfk5n6r0-source/bin/../lib/gcc/riscv-none-elf/13.2.0/../../../../riscv-none-elf/lib/rv32imafc_zicsr/ilp32f/libg_nano.a(libc_a-wsetup.o)
                              /nix/store/7cgn622cqyz41hw4z07lv305pfk5n6r0-source/bin/../lib/gcc/riscv-none-elf/13.2.0/../../../../riscv-none-elf/lib/rv32imafc_zicsr/ilp32f/libg_nano.a(libc_a-puts.o) (__swsetup_r)
/nix/store/7cgn622cqyz41hw4z07lv305pfk5n6r0-source/bin/../lib/gcc/riscv-none-elf/13.2.0/../../../../riscv-none-elf/lib/rv32imafc_zicsr/ilp32f/libg_nano.a(libc_a-impure.o)
                              /nix/store/7cgn622cqyz41hw4z07lv305pfk5n6r0-source/bin/../lib/gcc/riscv-none-elf/13.2.0/../../../../riscv-none-elf/lib/rv32imafc_zicsr/ilp32f/libg_nano.a(libc_a-printf.o) (_impure_ptr)
/nix/store/7cgn622cqyz41hw4z07lv305pfk5n6r0-source/bin/../lib/gcc/riscv-none-elf/13.2.0/../../../../riscv-none-elf/lib/rv32imafc_zicsr/ilp32f/libg_nano.a(libc_a-init.o)
                              ./build/./vendor/Startup/startup_ch32v20x_D6.S.o (__libc_init_array)
/nix/store/7cgn622cqyz41hw4z07lv305pfk5n6r0-source/bin/../lib/gcc/riscv-none-elf/13.2.0/../../../../riscv-none-elf/lib/rv32imafc_zicsr/ilp32f/libg_nano.a(libc_a-fini.o)
                              ./build/./vendor/Startup/startup_ch32v20x_D6.S.o (__libc_fini_array)
/nix/store/7cgn622cqyz41hw4z07lv305pfk5n6r0-source/bin/../lib/gcc/riscv-none-elf/13.2.0/../../../../riscv-none-elf/lib/rv32imafc_zicsr/ilp32f/libg_nano.a(libc_a-lock.o)
                              /nix/store/7cgn622cqyz41hw4z07lv305pfk5n6r0-source/bin/../lib/gcc/riscv-none-elf/13.2.0/../../../../riscv-none-elf/lib/rv32imafc_zicsr/ilp32f/libg_nano.a(libc_a-puts.o) (__retarget_lock_acquire_recursive)
/nix/store/7cgn622cqyz41hw4z07lv305pfk5n6r0-source/bin/../lib/gcc/riscv-none-elf/13.2.0/../../../../riscv-none-elf/lib/rv32imafc_zicsr/ilp32f/libg_nano.a(libc_a-__atexit.o)
                              /nix/store/7cgn622cqyz41hw4z07lv305pfk5n6r0-source/bin/../lib/gcc/riscv-none-elf/13.2.0/../../../../riscv-none-elf/lib/rv32imafc_zicsr/ilp32f/libg_nano.a(libc_a-atexit.o) (__register_exitproc)
/nix/store/7cgn622cqyz41hw4z07lv305pfk5n6r0-source/bin/../lib/gcc/riscv-none-elf/13.2.0/../../../../riscv-none-elf/lib/rv32imafc_zicsr/ilp32f/libg_nano.a(libc_a-__call_atexit.o)
                              /nix/store/7cgn622cqyz41hw4z07lv305pfk5n6r0-source/bin/../lib/gcc/riscv-none-elf/13.2.0/../../../../riscv-none-elf/lib/rv32imafc_zicsr/ilp32f/libg_nano.a(libc_a-__atexit.o) (__call_exitprocs)
/nix/store/7cgn622cqyz41hw4z07lv305pfk5n6r0-source/bin/../lib/gcc/riscv-none-elf/13.2.0/../../../../riscv-none-elf/lib/rv32imafc_zicsr/ilp32f/libg_nano.a(libc_a-freer.o)
                              /nix/store/7cgn622cqyz41hw4z07lv305pfk5n6r0-source/bin/../lib/gcc/riscv-none-elf/13.2.0/../../../../riscv-none-elf/lib/rv32imafc_zicsr/ilp32f/libg_nano.a(libc_a-wsetup.o) (_free_r)
/nix/store/7cgn622cqyz41hw4z07lv305pfk5n6r0-source/bin/../lib/gcc/riscv-none-elf/13.2.0/../../../../riscv-none-elf/lib/rv32imafc_zicsr/ilp32f/libg_nano.a(libc_a-mallocr.o)
                              /nix/store/7cgn622cqyz41hw4z07lv305pfk5n6r0-source/bin/../lib/gcc/riscv-none-elf/13.2.0/../../../../riscv-none-elf/lib/rv32imafc_zicsr/ilp32f/libg_nano.a(libc_a-freer.o) (__malloc_free_list)
/nix/store/7cgn622cqyz41hw4z07lv305pfk5n6r0-source/bin/../lib/gcc/riscv-none-elf/13.2.0/../../../../riscv-none-elf/lib/rv32imafc_zicsr/ilp32f/libg_nano.a(libc_a-mlock.o)
                              /nix/store/7cgn622cqyz41hw4z07lv305pfk5n6r0-source/bin/../lib/gcc/riscv-none-elf/13.2.0/../../../../riscv-none-elf/lib/rv32imafc_zicsr/ilp32f/libg_nano.a(libc_a-freer.o) (__malloc_lock)
[...]
Memory Configuration

Name             Origin             Length             Attributes
FLASH            0x00000000         0x00010000         xr
RAM              0x20000000         0x00005000         xrw
*default*        0x00000000         0xffffffff

Linker script and memory map

LOAD ./build/./app/Core/main.c.o
LOAD ./build/./vendor/Core/core_riscv.c.o
LOAD ./build/./vendor/Debug/debug.c.o
LOAD ./build/./vendor/Peripheral/src/ch32v20x_bkp.c.o
LOAD ./build/./vendor/Peripheral/src/ch32v20x_i2c.c.o
LOAD ./build/./vendor/Peripheral/src/ch32v20x_pwr.c.o
LOAD ./build/./vendor/Peripheral/src/ch32v20x_iwdg.c.o
LOAD ./build/./vendor/Peripheral/src/ch32v20x_dbgmcu.c.o
LOAD ./build/./vendor/Peripheral/src/ch32v20x_misc.c.o
LOAD ./build/./vendor/Peripheral/src/ch32v20x_rtc.c.o
LOAD ./build/./vendor/Peripheral/src/ch32v20x_dma.c.o
LOAD ./build/./vendor/Peripheral/src/ch32v20x_tim.c.o
LOAD ./build/./vendor/Peripheral/src/ch32v20x_exti.c.o
LOAD ./build/./vendor/Peripheral/src/ch32v20x_wwdg.c.o
LOAD ./build/./vendor/Peripheral/src/ch32v20x_spi.c.o
LOAD ./build/./vendor/Peripheral/src/ch32v20x_crc.c.o
LOAD ./build/./vendor/Peripheral/src/ch32v20x_usart.c.o
LOAD ./build/./vendor/Peripheral/src/ch32v20x_adc.c.o
LOAD ./build/./vendor/Peripheral/src/ch32v20x_gpio.c.o
LOAD ./build/./vendor/Peripheral/src/ch32v20x_rcc.c.o
LOAD ./build/./vendor/Peripheral/src/ch32v20x_can.c.o
LOAD ./build/./vendor/Peripheral/src/ch32v20x_opa.c.o
LOAD ./build/./vendor/Peripheral/src/ch32v20x_flash.c.o
LOAD ./build/./vendor/Startup/startup_ch32v20x_D6.S.o
LOAD ./build/./vendor/User/system_ch32v20x.c.o
LOAD ./build/./vendor/User/ch32v20x_it.c.o
LOAD /nix/store/7cgn622cqyz41hw4z07lv305pfk5n6r0-source/bin/../lib/gcc/riscv-none-elf/13.2.0/rv32imafc_zicsr/ilp32f/libgcc.a
LOAD /nix/store/7cgn622cqyz41hw4z07lv305pfk5n6r0-source/bin/../lib/gcc/riscv-none-elf/13.2.0/../../../../riscv-none-elf/lib/rv32imafc_zicsr/ilp32f/libg_nano.a
LOAD /nix/store/7cgn622cqyz41hw4z07lv305pfk5n6r0-source/bin/../lib/gcc/riscv-none-elf/13.2.0/../../../../riscv-none-elf/lib/rv32imafc_zicsr/ilp32f/libc_nano.a
LOAD /nix/store/7cgn622cqyz41hw4z07lv305pfk5n6r0-source/bin/../lib/gcc/riscv-none-elf/13.2.0/rv32imafc_zicsr/ilp32f/libgcc.a
START GROUP
LOAD /nix/store/7cgn622cqyz41hw4z07lv305pfk5n6r0-source/bin/../lib/gcc/riscv-none-elf/13.2.0/rv32imafc_zicsr/ilp32f/libgcc.a
LOAD /nix/store/7cgn622cqyz41hw4z07lv305pfk5n6r0-source/bin/../lib/gcc/riscv-none-elf/13.2.0/../../../../riscv-none-elf/lib/rv32imafc_zicsr/ilp32f/libc_nano.a
LOAD /nix/store/7cgn622cqyz41hw4z07lv305pfk5n6r0-source/bin/../lib/gcc/riscv-none-elf/13.2.0/../../../../riscv-none-elf/lib/rv32imafc_zicsr/ilp32f/libnosys.a
END GROUP
START GROUP
LOAD /nix/store/7cgn622cqyz41hw4z07lv305pfk5n6r0-source/bin/../lib/gcc/riscv-none-elf/13.2.0/rv32imafc_zicsr/ilp32f/libgcc.a
LOAD /nix/store/7cgn622cqyz41hw4z07lv305pfk5n6r0-source/bin/../lib/gcc/riscv-none-elf/13.2.0/../../../../riscv-none-elf/lib/rv32imafc_zicsr/ilp32f/libc_nano.a
LOAD /nix/store/7cgn622cqyz41hw4z07lv305pfk5n6r0-source/bin/../lib/gcc/riscv-none-elf/13.2.0/../../../../riscv-none-elf/lib/rv32imafc_zicsr/ilp32f/libnosys.a
END GROUP
                0x00000800                        __stack_size = 0x800
                [!provide]                        PROVIDE (_stack_size = __stack_size)

.init           0x00000000       0x38
                0x00000000                        _sinit = .
                0x00000000                        . = ALIGN (0x4)
 *(SORT_NONE(.init))
 .init          0x00000000       0x38 ./build/./vendor/Startup/startup_ch32v20x_D6.S.o
                0x00000000                _start
                0x00000038                        . = ALIGN (0x4)
                0x00000038                        _einit = .

.vector         0x00000038      0x108
 *(.vector)
 .vector        0x00000038       0xfc ./build/./vendor/Startup/startup_ch32v20x_D6.S.o
                0x00000140                        . = ALIGN (0x40)
 *fill*         0x00000134        0xc 

.text           0x00000140     0x1b94
                0x00000140                        . = ALIGN (0x4)
 *(.text)
 .text          0x00000140       0x10 /nix/store/7cgn622cqyz41hw4z07lv305pfk5n6r0-source/bin/../lib/gcc/riscv-none-elf/13.2.0/../../../../riscv-none-elf/lib/rv32imafc_zicsr/ilp32f/libg_nano.a(libc_a-memset.o)
                0x00000140                memset
 *(.text.*)
 .text.GPIO_Toggle_init
                0x00000150       0x30 ./build/./app/Core/main.c.o
                0x00000150                GPIO_Toggle_init
 .text.startup.main
                0x00000180       0xaa ./build/./app/Core/main.c.o
                0x00000180                main
 .text.Delay_Init
                0x0000022a       0x2a ./build/./vendor/Debug/debug.c.o
                0x0000022a                Delay_Init
 .text.Delay_Ms
                0x00000254       0x36 ./build/./vendor/Debug/debug.c.o
                0x00000254                Delay_Ms
 .text.USART_Printf_Init
                0x0000028a       0x5a ./build/./vendor/Debug/debug.c.o
                0x0000028a                USART_Printf_Init
 .text._write   0x000002e4       0x4c ./build/./vendor/Debug/debug.c.o
                0x000002e4                _write
 .text._sbrk    0x00000330       0x2a ./build/./vendor/Debug/debug.c.o
                0x00000330                _sbrk
 .text._fini    0x0000035a        0x2 ./build/./vendor/Debug/debug.c.o
                0x0000035a                _fini
 .text._init    0x0000035c        0x2 ./build/./vendor/Debug/debug.c.o
                0x0000035c                _init
 .text.NVIC_PriorityGroupConfig
                0x0000035e        0x6 ./build/./vendor/Peripheral/src/ch32v20x_misc.c.o
                0x0000035e                NVIC_PriorityGroupConfig
 .text.USART_Init
                0x00000364       0xd4 ./build/./vendor/Peripheral/src/ch32v20x_usart.c.o
                0x00000364                USART_Init
 .text.USART_Cmd
                0x00000438       0x18 ./build/./vendor/Peripheral/src/ch32v20x_usart.c.o
                0x00000438                USART_Cmd
 .text.USART_SendData
                0x00000450        0xa ./build/./vendor/Peripheral/src/ch32v20x_usart.c.o
                0x00000450                USART_SendData
 .text.USART_GetFlagStatus
                0x0000045a        0xc ./build/./vendor/Peripheral/src/ch32v20x_usart.c.o
                0x0000045a                USART_GetFlagStatus
 .text.GPIO_Init
                0x00000466       0xf8 ./build/./vendor/Peripheral/src/ch32v20x_gpio.c.o
                0x00000466                GPIO_Init
 .text.GPIO_WriteBit
                0x0000055e       0x1a ./build/./vendor/Peripheral/src/ch32v20x_gpio.c.o
                0x0000055e                GPIO_WriteBit
 .text.RCC_GetClocksFreq
                0x00000578       0xba ./build/./vendor/Peripheral/src/ch32v20x_rcc.c.o
                0x00000578                RCC_GetClocksFreq
 .text.RCC_APB2PeriphClockCmd
                0x00000632       0x1e ./build/./vendor/Peripheral/src/ch32v20x_rcc.c.o
                0x00000632                RCC_APB2PeriphClockCmd
 .text.vector_handler
                0x00000650       0x6c ./build/./vendor/Startup/startup_ch32v20x_D6.S.o
                0x00000654                Ecall_M_Mode_Handler
                0x00000656                Ecall_U_Mode_Handler
                0x00000658                Break_Point_Handler
                0x0000065a                SysTick_Handler
                0x0000065c                SW_Handler
                0x0000065e                WWDG_IRQHandler
                0x00000660                PVD_IRQHandler
                0x00000662                TAMPER_IRQHandler
                0x00000664                RTC_IRQHandler
                0x00000666                FLASH_IRQHandler
                0x00000668                RCC_IRQHandler
                0x0000066a                EXTI0_IRQHandler
                0x0000066c                EXTI1_IRQHandler
                0x0000066e                EXTI2_IRQHandler
                0x00000670                EXTI3_IRQHandler
                0x00000672                EXTI4_IRQHandler
                0x00000674                DMA1_Channel1_IRQHandler
                0x00000676                DMA1_Channel2_IRQHandler
                0x00000678                DMA1_Channel3_IRQHandler
                0x0000067a                DMA1_Channel4_IRQHandler
                0x0000067c                DMA1_Channel5_IRQHandler
                0x0000067e                DMA1_Channel6_IRQHandler
                0x00000680                DMA1_Channel7_IRQHandler
                0x00000682                ADC1_2_IRQHandler
                0x00000684                USB_HP_CAN1_TX_IRQHandler
                0x00000686                USB_LP_CAN1_RX0_IRQHandler
                0x00000688                CAN1_RX1_IRQHandler
                0x0000068a                CAN1_SCE_IRQHandler
                0x0000068c                EXTI9_5_IRQHandler
                0x0000068e                TIM1_BRK_IRQHandler
                0x00000690                TIM1_UP_IRQHandler
                0x00000692                TIM1_TRG_COM_IRQHandler
                0x00000694                TIM1_CC_IRQHandler
                0x00000696                TIM2_IRQHandler
                0x00000698                TIM3_IRQHandler
                0x0000069a                TIM4_IRQHandler
                0x0000069c                I2C1_EV_IRQHandler
                0x0000069e                I2C1_ER_IRQHandler
                0x000006a0                I2C2_EV_IRQHandler
                0x000006a2                I2C2_ER_IRQHandler
                0x000006a4                SPI1_IRQHandler
                0x000006a6                SPI2_IRQHandler
                0x000006a8                USART1_IRQHandler
                0x000006aa                USART2_IRQHandler
                0x000006ac                USART3_IRQHandler
                0x000006ae                EXTI15_10_IRQHandler
                0x000006b0                RTCAlarm_IRQHandler
                0x000006b2                USBWakeUp_IRQHandler
                0x000006b4                USBHD_IRQHandler
                0x000006b6                USBHDWakeUp_IRQHandler
                0x000006b8                UART4_IRQHandler
                0x000006ba                DMA1_Channel8_IRQHandler
 .text.handle_reset
                0x000006bc       0x92 ./build/./vendor/Startup/startup_ch32v20x_D6.S.o
                0x000006bc                handle_reset
 .text.SystemInit
                0x0000074e       0xea ./build/./vendor/User/system_ch32v20x.c.o
                0x0000074e                SystemInit
 .text.SystemCoreClockUpdate
                0x00000838       0x84 ./build/./vendor/User/system_ch32v20x.c.o
                0x00000838                SystemCoreClockUpdate
 .text.NMI_Handler
                0x000008bc        0x2 ./build/./vendor/User/ch32v20x_it.c.o
                0x000008bc                NMI_Handler
 .text.HardFault_Handler
                0x000008be        0x2 ./build/./vendor/User/ch32v20x_it.c.o
                0x000008be                HardFault_Handler
 .text.atexit   0x000008c0        0xa /nix/store/7cgn622cqyz41hw4z07lv305pfk5n6r0-source/bin/../lib/gcc/riscv-none-elf/13.2.0/../../../../riscv-none-elf/lib/rv32imafc_zicsr/ilp32f/libg_nano.a(libc_a-atexit.o)
                0x000008c0                atexit
 .text.printf   0x000008ca       0x28 /nix/store/7cgn622cqyz41hw4z07lv305pfk5n6r0-source/bin/../lib/gcc/riscv-none-elf/13.2.0/../../../../riscv-none-elf/lib/rv32imafc_zicsr/ilp32f/libg_nano.a(libc_a-printf.o)
                0x000008ca                printf
                0x000008ca                iprintf
 .text._puts_r  0x000008f2       0xce /nix/store/7cgn622cqyz41hw4z07lv305pfk5n6r0-source/bin/../lib/gcc/riscv-none-elf/13.2.0/../../../../riscv-none-elf/lib/rv32imafc_zicsr/ilp32f/libg_nano.a(libc_a-puts.o)
                0x000008f2                _puts_r
 .text.puts     0x000009c0        0x8 /nix/store/7cgn622cqyz41hw4z07lv305pfk5n6r0-source/bin/../lib/gcc/riscv-none-elf/13.2.0/../../../../riscv-none-elf/lib/rv32imafc_zicsr/ilp32f/libg_nano.a(libc_a-puts.o)
                0x000009c0                puts
 .text.__swbuf_r
                0x000009c8       0x9c /nix/store/7cgn622cqyz41hw4z07lv305pfk5n6r0-source/bin/../lib/gcc/riscv-none-elf/13.2.0/../../../../riscv-none-elf/lib/rv32imafc_zicsr/ilp32f/libg_nano.a(libc_a-wbuf.o)
                0x000009c8                __swbuf_r
 .text.__swsetup_r
                0x00000a64       0xc8 /nix/store/7cgn622cqyz41hw4z07lv305pfk5n6r0-source/bin/../lib/gcc/riscv-none-elf/13.2.0/../../../../riscv-none-elf/lib/rv32imafc_zicsr/ilp32f/libg_nano.a(libc_a-wsetup.o)
                0x00000a64                __swsetup_r
 .text.__libc_init_array
                0x00000b2c       0x5e /nix/store/7cgn622cqyz41hw4z07lv305pfk5n6r0-source/bin/../lib/gcc/riscv-none-elf/13.2.0/../../../../riscv-none-elf/lib/rv32imafc_zicsr/ilp32f/libg_nano.a(libc_a-init.o)
                0x00000b2c                __libc_init_array
 .text.__libc_fini_array
                0x00000b8a       0x36 /nix/store/7cgn622cqyz41hw4z07lv305pfk5n6r0-source/bin/../lib/gcc/riscv-none-elf/13.2.0/../../../../riscv-none-elf/lib/rv32imafc_zicsr/ilp32f/libg_nano.a(libc_a-fini.o)
                0x00000b8a                __libc_fini_array
 .text.__retarget_lock_init_recursive
                0x00000bc0        0x2 /nix/store/7cgn622cqyz41hw4z07lv305pfk5n6r0-source/bin/../lib/gcc/riscv-none-elf/13.2.0/../../../../riscv-none-elf/lib/rv32imafc_zicsr/ilp32f/libg_nano.a(libc_a-lock.o)
                0x00000bc0                __retarget_lock_init_recursive
 .text.__retarget_lock_acquire_recursive
                0x00000bc2        0x2 /nix/store/7cgn622cqyz41hw4z07lv305pfk5n6r0-source/bin/../lib/gcc/riscv-none-elf/13.2.0/../../../../riscv-none-elf/lib/rv32imafc_zicsr/ilp32f/libg_nano.a(libc_a-lock.o)
                0x00000bc2                __retarget_lock_acquire_recursive
 .text.__retarget_lock_release_recursive
                0x00000bc4        0x2 /nix/store/7cgn622cqyz41hw4z07lv305pfk5n6r0-source/bin/../lib/gcc/riscv-none-elf/13.2.0/../../../../riscv-none-elf/lib/rv32imafc_zicsr/ilp32f/libg_nano.a(libc_a-lock.o)
                0x00000bc4                __retarget_lock_release_recursive
 .text.__register_exitproc
                0x00000bc6       0xb0 /nix/store/7cgn622cqyz41hw4z07lv305pfk5n6r0-source/bin/../lib/gcc/riscv-none-elf/13.2.0/../../../../riscv-none-elf/lib/rv32imafc_zicsr/ilp32f/libg_nano.a(libc_a-__atexit.o)
                0x00000bc6                __register_exitproc
 .text._free_r  0x00000c76       0x9e /nix/store/7cgn622cqyz41hw4z07lv305pfk5n6r0-source/bin/../lib/gcc/riscv-none-elf/13.2.0/../../../../riscv-none-elf/lib/rv32imafc_zicsr/ilp32f/libg_nano.a(libc_a-freer.o)
                0x00000c76                _free_r
 .text.sbrk_aligned
                0x00000d14       0x5a /nix/store/7cgn622cqyz41hw4z07lv305pfk5n6r0-source/bin/../lib/gcc/riscv-none-elf/13.2.0/../../../../riscv-none-elf/lib/rv32imafc_zicsr/ilp32f/libg_nano.a(libc_a-mallocr.o)
 .text._malloc_r
                0x00000d6e      0x11c /nix/store/7cgn622cqyz41hw4z07lv305pfk5n6r0-source/bin/../lib/gcc/riscv-none-elf/13.2.0/../../../../riscv-none-elf/lib/rv32imafc_zicsr/ilp32f/libg_nano.a(libc_a-mallocr.o)
                0x00000d6e                _malloc_r
 .text.__malloc_lock
                0x00000e8a        0x6 /nix/store/7cgn622cqyz41hw4z07lv305pfk5n6r0-source/bin/../lib/gcc/riscv-none-elf/13.2.0/../../../../riscv-none-elf/lib/rv32imafc_zicsr/ilp32f/libg_nano.a(libc_a-mlock.o)
                0x00000e8a                __malloc_lock
 .text.__malloc_unlock
                0x00000e90        0x6 /nix/store/7cgn622cqyz41hw4z07lv305pfk5n6r0-source/bin/../lib/gcc/riscv-none-elf/13.2.0/../../../../riscv-none-elf/lib/rv32imafc_zicsr/ilp32f/libg_nano.a(libc_a-mlock.o)
                0x00000e90                __malloc_unlock
 .text.__sfputc_r
                0x00000e96       0x28 /nix/store/7cgn622cqyz41hw4z07lv305pfk5n6r0-source/bin/../lib/gcc/riscv-none-elf/13.2.0/../../../../riscv-none-elf/lib/rv32imafc_zicsr/ilp32f/libg_nano.a(libc_a-nano-vfprintf.o)
 .text.__sfputs_r
                0x00000ebe       0x42 /nix/store/7cgn622cqyz41hw4z07lv305pfk5n6r0-source/bin/../lib/gcc/riscv-none-elf/13.2.0/../../../../riscv-none-elf/lib/rv32imafc_zicsr/ilp32f/libg_nano.a(libc_a-nano-vfprintf.o)
                0x00000ebe                __sfputs_r
 .text._vfprintf_r
                0x00000f00      0x2a2 /nix/store/7cgn622cqyz41hw4z07lv305pfk5n6r0-source/bin/../lib/gcc/riscv-none-elf/13.2.0/../../../../riscv-none-elf/lib/rv32imafc_zicsr/ilp32f/libg_nano.a(libc_a-nano-vfprintf.o)
                0x00000f00                _vfiprintf_r
                0x00000f00                _vfprintf_r
 .text._printf_common
                0x000011a2      0x110 /nix/store/7cgn622cqyz41hw4z07lv305pfk5n6r0-source/bin/../lib/gcc/riscv-none-elf/13.2.0/../../../../riscv-none-elf/lib/rv32imafc_zicsr/ilp32f/libg_nano.a(libc_a-nano-vfprintf_i.o)
                0x000011a2                _printf_common
 .text._printf_i
                0x000012b2      0x262 /nix/store/7cgn622cqyz41hw4z07lv305pfk5n6r0-source/bin/../lib/gcc/riscv-none-elf/13.2.0/../../../../riscv-none-elf/lib/rv32imafc_zicsr/ilp32f/libg_nano.a(libc_a-nano-vfprintf_i.o)
                0x000012b2                _printf_i
 .text.__sflush_r
                0x00001514      0x13c /nix/store/7cgn622cqyz41hw4z07lv305pfk5n6r0-source/bin/../lib/gcc/riscv-none-elf/13.2.0/../../../../riscv-none-elf/lib/rv32imafc_zicsr/ilp32f/libg_nano.a(libc_a-fflush.o)
                0x00001514                __sflush_r
 .text._fflush_r
                0x00001650       0x5e /nix/store/7cgn622cqyz41hw4z07lv305pfk5n6r0-source/bin/../lib/gcc/riscv-none-elf/13.2.0/../../../../riscv-none-elf/lib/rv32imafc_zicsr/ilp32f/libg_nano.a(libc_a-fflush.o)
                0x00001650                _fflush_r
 .text.std      0x000016ae       0x94 /nix/store/7cgn622cqyz41hw4z07lv305pfk5n6r0-source/bin/../lib/gcc/riscv-none-elf/13.2.0/../../../../riscv-none-elf/lib/rv32imafc_zicsr/ilp32f/libg_nano.a(libc_a-findfp.o)
 .text.stdio_exit_handler
                0x00001742       0x1a /nix/store/7cgn622cqyz41hw4z07lv305pfk5n6r0-source/bin/../lib/gcc/riscv-none-elf/13.2.0/../../../../riscv-none-elf/lib/rv32imafc_zicsr/ilp32f/libg_nano.a(libc_a-findfp.o)
 .text.cleanup_stdio
                0x0000175c       0x42 /nix/store/7cgn622cqyz41hw4z07lv305pfk5n6r0-source/bin/../lib/gcc/riscv-none-elf/13.2.0/../../../../riscv-none-elf/lib/rv32imafc_zicsr/ilp32f/libg_nano.a(libc_a-findfp.o)
 .text.global_stdio_init.part.0
                0x0000179e       0x36 /nix/store/7cgn622cqyz41hw4z07lv305pfk5n6r0-source/bin/../lib/gcc/riscv-none-elf/13.2.0/../../../../riscv-none-elf/lib/rv32imafc_zicsr/ilp32f/libg_nano.a(libc_a-findfp.o)
 .text.__sfp_lock_acquire
                0x000017d4        0x8 /nix/store/7cgn622cqyz41hw4z07lv305pfk5n6r0-source/bin/../lib/gcc/riscv-none-elf/13.2.0/../../../../riscv-none-elf/lib/rv32imafc_zicsr/ilp32f/libg_nano.a(libc_a-findfp.o)
                0x000017d4                __sfp_lock_acquire
 .text.__sfp_lock_release
                0x000017dc        0x8 /nix/store/7cgn622cqyz41hw4z07lv305pfk5n6r0-source/bin/../lib/gcc/riscv-none-elf/13.2.0/../../../../riscv-none-elf/lib/rv32imafc_zicsr/ilp32f/libg_nano.a(libc_a-findfp.o)
                0x000017dc                __sfp_lock_release
 .text.__sinit  0x000017e4       0x2a /nix/store/7cgn622cqyz41hw4z07lv305pfk5n6r0-source/bin/../lib/gcc/riscv-none-elf/13.2.0/../../../../riscv-none-elf/lib/rv32imafc_zicsr/ilp32f/libg_nano.a(libc_a-findfp.o)
                0x000017e4                __sinit
 .text._fwalk_sglue
                0x0000180e       0x68 /nix/store/7cgn622cqyz41hw4z07lv305pfk5n6r0-source/bin/../lib/gcc/riscv-none-elf/13.2.0/../../../../riscv-none-elf/lib/rv32imafc_zicsr/ilp32f/libg_nano.a(libc_a-fwalk.o)
                0x0000180e                _fwalk_sglue
 .text.__swhatbuf_r
                0x00001876       0x5a /nix/store/7cgn622cqyz41hw4z07lv305pfk5n6r0-source/bin/../lib/gcc/riscv-none-elf/13.2.0/../../../../riscv-none-elf/lib/rv32imafc_zicsr/ilp32f/libg_nano.a(libc_a-makebuf.o)
                0x00001876                __swhatbuf_r
 .text.__smakebuf_r
                0x000018d0       0x9a /nix/store/7cgn622cqyz41hw4z07lv305pfk5n6r0-source/bin/../lib/gcc/riscv-none-elf/13.2.0/../../../../riscv-none-elf/lib/rv32imafc_zicsr/ilp32f/libg_nano.a(libc_a-makebuf.o)
                0x000018d0                __smakebuf_r
 .text.__sread  0x0000196a       0x30 /nix/store/7cgn622cqyz41hw4z07lv305pfk5n6r0-source/bin/../lib/gcc/riscv-none-elf/13.2.0/../../../../riscv-none-elf/lib/rv32imafc_zicsr/ilp32f/libg_nano.a(libc_a-stdio.o)
                0x0000196a                __sread
 .text.__swrite
                0x0000199a       0x4e /nix/store/7cgn622cqyz41hw4z07lv305pfk5n6r0-source/bin/../lib/gcc/riscv-none-elf/13.2.0/../../../../riscv-none-elf/lib/rv32imafc_zicsr/ilp32f/libg_nano.a(libc_a-stdio.o)
                0x0000199a                __swrite
 .text.__sseek  0x000019e8       0x36 /nix/store/7cgn622cqyz41hw4z07lv305pfk5n6r0-source/bin/../lib/gcc/riscv-none-elf/13.2.0/../../../../riscv-none-elf/lib/rv32imafc_zicsr/ilp32f/libg_nano.a(libc_a-stdio.o)
                0x000019e8                __sseek
 .text.__sclose
                0x00001a1e        0x6 /nix/store/7cgn622cqyz41hw4z07lv305pfk5n6r0-source/bin/../lib/gcc/riscv-none-elf/13.2.0/../../../../riscv-none-elf/lib/rv32imafc_zicsr/ilp32f/libg_nano.a(libc_a-stdio.o)
                0x00001a1e                __sclose
 .text.memchr   0x00001a24       0x1a /nix/store/7cgn622cqyz41hw4z07lv305pfk5n6r0-source/bin/../lib/gcc/riscv-none-elf/13.2.0/../../../../riscv-none-elf/lib/rv32imafc_zicsr/ilp32f/libg_nano.a(libc_a-memchr.o)
                0x00001a24                memchr
 .text._close_r
                0x00001a3e       0x26 /nix/store/7cgn622cqyz41hw4z07lv305pfk5n6r0-source/bin/../lib/gcc/riscv-none-elf/13.2.0/../../../../riscv-none-elf/lib/rv32imafc_zicsr/ilp32f/libg_nano.a(libc_a-closer.o)
                0x00001a3e                _close_r
 .text._fstat_r
                0x00001a64       0x28 /nix/store/7cgn622cqyz41hw4z07lv305pfk5n6r0-source/bin/../lib/gcc/riscv-none-elf/13.2.0/../../../../riscv-none-elf/lib/rv32imafc_zicsr/ilp32f/libg_nano.a(libc_a-fstatr.o)
                0x00001a64                _fstat_r
 .text._isatty_r
                0x00001a8c       0x26 /nix/store/7cgn622cqyz41hw4z07lv305pfk5n6r0-source/bin/../lib/gcc/riscv-none-elf/13.2.0/../../../../riscv-none-elf/lib/rv32imafc_zicsr/ilp32f/libg_nano.a(libc_a-isattyr.o)
                0x00001a8c                _isatty_r
 .text._lseek_r
                0x00001ab2       0x2a /nix/store/7cgn622cqyz41hw4z07lv305pfk5n6r0-source/bin/../lib/gcc/riscv-none-elf/13.2.0/../../../../riscv-none-elf/lib/rv32imafc_zicsr/ilp32f/libg_nano.a(libc_a-lseekr.o)
                0x00001ab2                _lseek_r
 .text._read_r  0x00001adc       0x2a /nix/store/7cgn622cqyz41hw4z07lv305pfk5n6r0-source/bin/../lib/gcc/riscv-none-elf/13.2.0/../../../../riscv-none-elf/lib/rv32imafc_zicsr/ilp32f/libg_nano.a(libc_a-readr.o)
                0x00001adc                _read_r
 .text._sbrk_r  0x00001b06       0x28 /nix/store/7cgn622cqyz41hw4z07lv305pfk5n6r0-source/bin/../lib/gcc/riscv-none-elf/13.2.0/../../../../riscv-none-elf/lib/rv32imafc_zicsr/ilp32f/libg_nano.a(libc_a-sbrkr.o)
                0x00001b06                _sbrk_r
 .text._write_r
                0x00001b2e       0x2c /nix/store/7cgn622cqyz41hw4z07lv305pfk5n6r0-source/bin/../lib/gcc/riscv-none-elf/13.2.0/../../../../riscv-none-elf/lib/rv32imafc_zicsr/ilp32f/libg_nano.a(libc_a-writer.o)
                0x00001b2e                _write_r
 .text._close   0x00001b5a        0xc /nix/store/7cgn622cqyz41hw4z07lv305pfk5n6r0-source/bin/../lib/gcc/riscv-none-elf/13.2.0/../../../../riscv-none-elf/lib/rv32imafc_zicsr/ilp32f/libnosys.a(close.o)
                0x00001b5a                _close
 .text._fstat   0x00001b66        0xc /nix/store/7cgn622cqyz41hw4z07lv305pfk5n6r0-source/bin/../lib/gcc/riscv-none-elf/13.2.0/../../../../riscv-none-elf/lib/rv32imafc_zicsr/ilp32f/libnosys.a(fstat.o)
                0x00001b66                _fstat
 .text._isatty  0x00001b72        0xc /nix/store/7cgn622cqyz41hw4z07lv305pfk5n6r0-source/bin/../lib/gcc/riscv-none-elf/13.2.0/../../../../riscv-none-elf/lib/rv32imafc_zicsr/ilp32f/libnosys.a(isatty.o)
                0x00001b72                _isatty
 .text._lseek   0x00001b7e        0xc /nix/store/7cgn622cqyz41hw4z07lv305pfk5n6r0-source/bin/../lib/gcc/riscv-none-elf/13.2.0/../../../../riscv-none-elf/lib/rv32imafc_zicsr/ilp32f/libnosys.a(lseek.o)
                0x00001b7e                _lseek
 .text._read    0x00001b8a        0xc /nix/store/7cgn622cqyz41hw4z07lv305pfk5n6r0-source/bin/../lib/gcc/riscv-none-elf/13.2.0/../../../../riscv-none-elf/lib/rv32imafc_zicsr/ilp32f/libnosys.a(read.o)
                0x00001b8a                _read
 *(.rodata)
 *(.rodata*)
 *fill*         0x00001b96        0x2 
 .rodata.main.str1.4
                0x00001b98       0xc1 ./build/./app/Core/main.c.o
                                 0x86 (size before relaxing)
 *fill*         0x00001c59        0x3 
 .rodata.APBAHBPrescTable
                0x00001c5c       0x10 ./build/./vendor/Peripheral/src/ch32v20x_rcc.c.o
 .rodata.AHBPrescTable
                0x00001c6c       0x10 ./build/./vendor/User/system_ch32v20x.c.o
                0x00001c6c                AHBPrescTable
 .rodata._vfprintf_r.str1.4
                0x00001c7c       0x13 /nix/store/7cgn622cqyz41hw4z07lv305pfk5n6r0-source/bin/../lib/gcc/riscv-none-elf/13.2.0/../../../../riscv-none-elf/lib/rv32imafc_zicsr/ilp32f/libg_nano.a(libc_a-nano-vfprintf.o)
 .rodata._printf_i.str1.4
                0x00001c7c       0x25 /nix/store/7cgn622cqyz41hw4z07lv305pfk5n6r0-source/bin/../lib/gcc/riscv-none-elf/13.2.0/../../../../riscv-none-elf/lib/rv32imafc_zicsr/ilp32f/libg_nano.a(libc_a-nano-vfprintf_i.o)
 .rodata._printf_i
                0x00001c7c       0x58 /nix/store/7cgn622cqyz41hw4z07lv305pfk5n6r0-source/bin/../lib/gcc/riscv-none-elf/13.2.0/../../../../riscv-none-elf/lib/rv32imafc_zicsr/ilp32f/libg_nano.a(libc_a-nano-vfprintf_i.o)
 *(.glue_7)
 *(.glue_7t)
 *(.gnu.linkonce.t.*)
                0x00001cd4                        . = ALIGN (0x4)

.rela.dyn       0x00001cd4        0x0
 .rela.text._sbrk
                0x00001cd4        0x0 ./build/./app/Core/main.c.o
 .rela.sdata.curbrk.0
                0x00001cd4        0x0 ./build/./app/Core/main.c.o
 .rela.init     0x00001cd4        0x0 ./build/./app/Core/main.c.o
 .rela.vector   0x00001cd4        0x0 ./build/./app/Core/main.c.o
 .rela.text.handle_reset
                0x00001cd4        0x0 ./build/./app/Core/main.c.o
 .rela.text.__libc_init_array
                0x00001cd4        0x0 ./build/./app/Core/main.c.o
 .rela.text.__libc_fini_array
                0x00001cd4        0x0 ./build/./app/Core/main.c.o
 .rela.text.__register_exitproc
                0x00001cd4        0x0 ./build/./app/Core/main.c.o
 .rela.text._vfprintf_r
                0x00001cd4        0x0 ./build/./app/Core/main.c.o

.fini           0x00001cd4        0x0
 *(SORT_NONE(.fini))
                0x00001cd4                        . = ALIGN (0x4)
                [!provide]                        PROVIDE (_etext = .)
                [!provide]                        PROVIDE (_eitcm = .)

.preinit_array  0x00001cd4        0x0
                0x00001cd4                        PROVIDE (__preinit_array_start = .)
 *(.preinit_array)
                0x00001cd4                        PROVIDE (__preinit_array_end = .)

.init_array     0x00001cd4        0x0
                0x00001cd4                        PROVIDE (__init_array_start = .)
 *(SORT_BY_INIT_PRIORITY(.init_array.*) SORT_BY_INIT_PRIORITY(.ctors.*))
 *(.init_array EXCLUDE_FILE(*crtend?.o *crtend.o *crtbegin?.o *crtbegin.o) .ctors)
                0x00001cd4                        PROVIDE (__init_array_end = .)

.fini_array     0x00001cd4        0x0
                0x00001cd4                        PROVIDE (__fini_array_start = .)
 *(SORT_BY_INIT_PRIORITY(.fini_array.*) SORT_BY_INIT_PRIORITY(.dtors.*))
 *(.fini_array EXCLUDE_FILE(*crtend?.o *crtend.o *crtbegin?.o *crtbegin.o) .dtors)
                0x00001cd4                        PROVIDE (__fini_array_end = .)

.ctors
 *crtbegin.o(.ctors)
 *crtbegin?.o(.ctors)
 *(EXCLUDE_FILE(*crtend?.o *crtend.o) .ctors)
 *(SORT_BY_NAME(.ctors.*))
 *(.ctors)

.dtors
 *crtbegin.o(.dtors)
 *crtbegin?.o(.dtors)
 *(EXCLUDE_FILE(*crtend?.o *crtend.o) .dtors)
 *(SORT_BY_NAME(.dtors.*))
 *(.dtors)

.dalign         0x20000000        0x0 load address 0x00001cd4
                0x20000000                        . = ALIGN (0x4)
                0x20000000                        PROVIDE (_data_vma = .)

.dlalign        0x00001cd4        0x0
                0x00001cd4                        . = ALIGN (0x4)
                0x00001cd4                        PROVIDE (_data_lma = .)

.data           0x20000000       0x6c load address 0x00001cd4
 *(.gnu.linkonce.r.*)
 *(.data .data.*)
 .data._impure_data
                0x20000000       0x4c /nix/store/7cgn622cqyz41hw4z07lv305pfk5n6r0-source/bin/../lib/gcc/riscv-none-elf/13.2.0/../../../../riscv-none-elf/lib/rv32imafc_zicsr/ilp32f/libg_nano.a(libc_a-impure.o)
                0x20000000                _impure_data
 .data.__sglue  0x2000004c        0xc /nix/store/7cgn622cqyz41hw4z07lv305pfk5n6r0-source/bin/../lib/gcc/riscv-none-elf/13.2.0/../../../../riscv-none-elf/lib/rv32imafc_zicsr/ilp32f/libg_nano.a(libc_a-findfp.o)
                0x2000004c                __sglue
 *(.gnu.linkonce.d.*)
                0x20000058                        . = ALIGN (0x8)
                0x20000858                        PROVIDE (__global_pointer$ = (. + 0x800))
 *(.sdata .sdata.*)
 .sdata.curbrk.0
                0x20000058        0x4 ./build/./vendor/Debug/debug.c.o
 .sdata.SystemCoreClock
                0x2000005c        0x4 ./build/./vendor/User/system_ch32v20x.c.o
                0x2000005c                SystemCoreClock
 .sdata._impure_ptr
                0x20000060        0x4 /nix/store/7cgn622cqyz41hw4z07lv305pfk5n6r0-source/bin/../lib/gcc/riscv-none-elf/13.2.0/../../../../riscv-none-elf/lib/rv32imafc_zicsr/ilp32f/libg_nano.a(libc_a-impure.o)
                0x20000060                _impure_ptr
 .sdata.__atexit_recursive_mutex
                0x20000064        0x4 /nix/store/7cgn622cqyz41hw4z07lv305pfk5n6r0-source/bin/../lib/gcc/riscv-none-elf/13.2.0/../../../../riscv-none-elf/lib/rv32imafc_zicsr/ilp32f/libg_nano.a(libc_a-__call_atexit.o)
                0x20000064                __atexit_recursive_mutex
 *(.sdata2.*)
 *(.gnu.linkonce.s.*)
                0x20000068                        . = ALIGN (0x8)
 *(.srodata.cst16)
 *(.srodata.cst8)
 *(.srodata.cst4)
 *(.srodata.cst2)
 *(.srodata .srodata.*)
 .srodata.ADCPrescTable
                0x20000068        0x4 ./build/./vendor/Peripheral/src/ch32v20x_rcc.c.o
                0x2000006c                        . = ALIGN (0x4)
                0x2000006c                        PROVIDE (_edata = .)

.bss            0x2000006c      0x1f0 load address 0x00001d40
                0x2000006c                        . = ALIGN (0x4)
                0x2000006c                        PROVIDE (_sbss = .)
 *(.sbss*)
 .sbss.p_ms     0x2000006c        0x2 ./build/./vendor/Debug/debug.c.o
 .sbss.p_us     0x2000006e        0x1 ./build/./vendor/Debug/debug.c.o
 *fill*         0x2000006f        0x1 
 .sbss.NVIC_Priority_Group
                0x20000070        0x4 ./build/./vendor/Peripheral/src/ch32v20x_misc.c.o
                0x20000070                NVIC_Priority_Group
 .sbss.MCU_Version
                0x20000074        0x1 ./build/./vendor/Peripheral/src/ch32v20x_gpio.c.o
                0x20000074                MCU_Version
 *fill*         0x20000075        0x3 
 .sbss.__lock___malloc_recursive_mutex
                0x20000078        0x1 /nix/store/7cgn622cqyz41hw4z07lv305pfk5n6r0-source/bin/../lib/gcc/riscv-none-elf/13.2.0/../../../../riscv-none-elf/lib/rv32imafc_zicsr/ilp32f/libg_nano.a(libc_a-lock.o)
                0x20000078                __lock___malloc_recursive_mutex
 *fill*         0x20000079        0x3 
 .sbss.__lock___atexit_recursive_mutex
                0x2000007c        0x1 /nix/store/7cgn622cqyz41hw4z07lv305pfk5n6r0-source/bin/../lib/gcc/riscv-none-elf/13.2.0/../../../../riscv-none-elf/lib/rv32imafc_zicsr/ilp32f/libg_nano.a(libc_a-lock.o)
                0x2000007c                __lock___atexit_recursive_mutex
 *fill*         0x2000007d        0x3 
 .sbss.__lock___sfp_recursive_mutex
                0x20000080        0x1 /nix/store/7cgn622cqyz41hw4z07lv305pfk5n6r0-source/bin/../lib/gcc/riscv-none-elf/13.2.0/../../../../riscv-none-elf/lib/rv32imafc_zicsr/ilp32f/libg_nano.a(libc_a-lock.o)
                0x20000080                __lock___sfp_recursive_mutex
 *fill*         0x20000081        0x3 
 .sbss.__atexit
                0x20000084        0x4 /nix/store/7cgn622cqyz41hw4z07lv305pfk5n6r0-source/bin/../lib/gcc/riscv-none-elf/13.2.0/../../../../riscv-none-elf/lib/rv32imafc_zicsr/ilp32f/libg_nano.a(libc_a-__call_atexit.o)
                0x20000084                __atexit
 .sbss.__malloc_sbrk_start
                0x20000088        0x4 /nix/store/7cgn622cqyz41hw4z07lv305pfk5n6r0-source/bin/../lib/gcc/riscv-none-elf/13.2.0/../../../../riscv-none-elf/lib/rv32imafc_zicsr/ilp32f/libg_nano.a(libc_a-mallocr.o)
                0x20000088                __malloc_sbrk_start
 .sbss.__malloc_free_list
                0x2000008c        0x4 /nix/store/7cgn622cqyz41hw4z07lv305pfk5n6r0-source/bin/../lib/gcc/riscv-none-elf/13.2.0/../../../../riscv-none-elf/lib/rv32imafc_zicsr/ilp32f/libg_nano.a(libc_a-mallocr.o)
                0x2000008c                __malloc_free_list
 .sbss.__stdio_exit_handler
                0x20000090        0x4 /nix/store/7cgn622cqyz41hw4z07lv305pfk5n6r0-source/bin/../lib/gcc/riscv-none-elf/13.2.0/../../../../riscv-none-elf/lib/rv32imafc_zicsr/ilp32f/libg_nano.a(libc_a-findfp.o)
                0x20000090                __stdio_exit_handler
 .sbss.errno    0x20000094        0x4 /nix/store/7cgn622cqyz41hw4z07lv305pfk5n6r0-source/bin/../lib/gcc/riscv-none-elf/13.2.0/../../../../riscv-none-elf/lib/rv32imafc_zicsr/ilp32f/libg_nano.a(libc_a-reent.o)
                0x20000094                errno
 *(.gnu.linkonce.sb.*)
 *(.bss*)
 .bss.__atexit0
                0x20000098       0x8c /nix/store/7cgn622cqyz41hw4z07lv305pfk5n6r0-source/bin/../lib/gcc/riscv-none-elf/13.2.0/../../../../riscv-none-elf/lib/rv32imafc_zicsr/ilp32f/libg_nano.a(libc_a-__atexit.o)
                0x20000098                __atexit0
 .bss.__sf      0x20000124      0x138 /nix/store/7cgn622cqyz41hw4z07lv305pfk5n6r0-source/bin/../lib/gcc/riscv-none-elf/13.2.0/../../../../riscv-none-elf/lib/rv32imafc_zicsr/ilp32f/libg_nano.a(libc_a-findfp.o)
                0x20000124                __sf
 *(.gnu.linkonce.b.*)
 *(COMMON*)
                0x2000025c                        . = ALIGN (0x4)
                0x2000025c                        PROVIDE (_ebss = .)
                0x2000025c                        PROVIDE (_end = _ebss)
                [!provide]                        PROVIDE (end = .)

.stack          0x20004800      0x800
                0x20004800                        PROVIDE (_heap_end = .)
                0x20004800                        . = ALIGN (0x4)
                [!provide]                        PROVIDE (_susrstack = .)
                0x20005000                        . = (. + __stack_size)
 *fill*         0x20004800      0x800 
                0x20005000                        PROVIDE (_eusrstack = .)
OUTPUT(build/app.elf elf32-littleriscv)

.debug_info     0x00000000     0x3013
 .debug_info    0x00000000      0x54f ./build/./app/Core/main.c.o
 .debug_info    0x0000054f      0x6ad ./build/./vendor/Debug/debug.c.o
 .debug_info    0x00000bfc      0x5a7 ./build/./vendor/Peripheral/src/ch32v20x_misc.c.o
 .debug_info    0x000011a3      0xa60 ./build/./vendor/Peripheral/src/ch32v20x_usart.c.o
 .debug_info    0x00001c03      0x7af ./build/./vendor/Peripheral/src/ch32v20x_gpio.c.o
 .debug_info    0x000023b2      0x8f5 ./build/./vendor/Peripheral/src/ch32v20x_rcc.c.o
 .debug_info    0x00002ca7       0x23 ./build/./vendor/Startup/startup_ch32v20x_D6.S.o
 .debug_info    0x00002cca      0x2b5 ./build/./vendor/User/system_ch32v20x.c.o
 .debug_info    0x00002f7f       0x94 ./build/./vendor/User/ch32v20x_it.c.o

.debug_abbrev   0x00000000      0xed6
 .debug_abbrev  0x00000000      0x1d1 ./build/./app/Core/main.c.o
 .debug_abbrev  0x000001d1      0x256 ./build/./vendor/Debug/debug.c.o
 .debug_abbrev  0x00000427      0x1db ./build/./vendor/Peripheral/src/ch32v20x_misc.c.o
 .debug_abbrev  0x00000602      0x21c ./build/./vendor/Peripheral/src/ch32v20x_usart.c.o
 .debug_abbrev  0x0000081e      0x267 ./build/./vendor/Peripheral/src/ch32v20x_gpio.c.o
 .debug_abbrev  0x00000a85      0x251 ./build/./vendor/Peripheral/src/ch32v20x_rcc.c.o
 .debug_abbrev  0x00000cd6       0x12 ./build/./vendor/Startup/startup_ch32v20x_D6.S.o
 .debug_abbrev  0x00000ce8      0x1a9 ./build/./vendor/User/system_ch32v20x.c.o
 .debug_abbrev  0x00000e91       0x45 ./build/./vendor/User/ch32v20x_it.c.o

.debug_loclists
                0x00000000     0x112d
 .debug_loclists
                0x00000000       0x20 ./build/./app/Core/main.c.o
 .debug_loclists
                0x00000020      0x10d ./build/./vendor/Debug/debug.c.o
 .debug_loclists
                0x0000012d       0xb3 ./build/./vendor/Peripheral/src/ch32v20x_misc.c.o
 .debug_loclists
                0x000001e0      0x557 ./build/./vendor/Peripheral/src/ch32v20x_usart.c.o
 .debug_loclists
                0x00000737      0x568 ./build/./vendor/Peripheral/src/ch32v20x_gpio.c.o
 .debug_loclists
                0x00000c9f      0x430 ./build/./vendor/Peripheral/src/ch32v20x_rcc.c.o
 .debug_loclists
                0x000010cf       0x5e ./build/./vendor/User/system_ch32v20x.c.o

.debug_aranges  0x00000000      0x3f8
 .debug_aranges
                0x00000000       0x28 ./build/./app/Core/main.c.o
 .debug_aranges
                0x00000028       0x58 ./build/./vendor/Debug/debug.c.o
 .debug_aranges
                0x00000080       0x28 ./build/./vendor/Peripheral/src/ch32v20x_misc.c.o
 .debug_aranges
                0x000000a8      0x100 ./build/./vendor/Peripheral/src/ch32v20x_usart.c.o
 .debug_aranges
                0x000001a8       0xa8 ./build/./vendor/Peripheral/src/ch32v20x_gpio.c.o
 .debug_aranges
                0x00000250      0x128 ./build/./vendor/Peripheral/src/ch32v20x_rcc.c.o
 .debug_aranges
                0x00000378       0x30 ./build/./vendor/Startup/startup_ch32v20x_D6.S.o
 .debug_aranges
                0x000003a8       0x28 ./build/./vendor/User/system_ch32v20x.c.o
 .debug_aranges
                0x000003d0       0x28 ./build/./vendor/User/ch32v20x_it.c.o

.debug_rnglists
                0x00000000      0x30e
 .debug_rnglists
                0x00000000       0x1a ./build/./app/Core/main.c.o
 .debug_rnglists
                0x0000001a       0x3d ./build/./vendor/Debug/debug.c.o
 .debug_rnglists
                0x00000057       0x3e ./build/./vendor/Peripheral/src/ch32v20x_misc.c.o
 .debug_rnglists
                0x00000095       0xbd ./build/./vendor/Peripheral/src/ch32v20x_usart.c.o
 .debug_rnglists
                0x00000152       0x7c ./build/./vendor/Peripheral/src/ch32v20x_gpio.c.o
 .debug_rnglists
                0x000001ce       0xda ./build/./vendor/Peripheral/src/ch32v20x_rcc.c.o
 .debug_rnglists
                0x000002a8       0x20 ./build/./vendor/Startup/startup_ch32v20x_D6.S.o
 .debug_rnglists
                0x000002c8       0x2d ./build/./vendor/User/system_ch32v20x.c.o
 .debug_rnglists
                0x000002f5       0x19 ./build/./vendor/User/ch32v20x_it.c.o

.debug_line     0x00000000     0x3ef4
 .debug_line    0x00000000      0x25f ./build/./app/Core/main.c.o
 .debug_line    0x0000025f      0x551 ./build/./vendor/Debug/debug.c.o
 .debug_line    0x000007b0      0x2cc ./build/./vendor/Peripheral/src/ch32v20x_misc.c.o
 .debug_line    0x00000a7c      0xdfe ./build/./vendor/Peripheral/src/ch32v20x_usart.c.o
 .debug_line    0x0000187a      0xe5e ./build/./vendor/Peripheral/src/ch32v20x_gpio.c.o
 .debug_line    0x000026d8     0x1011 ./build/./vendor/Peripheral/src/ch32v20x_rcc.c.o
 .debug_line    0x000036e9      0x26a ./build/./vendor/Startup/startup_ch32v20x_D6.S.o
 .debug_line    0x00003953      0x527 ./build/./vendor/User/system_ch32v20x.c.o
 .debug_line    0x00003e7a       0x7a ./build/./vendor/User/ch32v20x_it.c.o

.debug_str      0x00000000     0x13b4
 .debug_str     0x00000000     0x13b4 ./build/./app/Core/main.c.o
                                0x455 (size before relaxing)
 .debug_str     0x000013b4      0x50c ./build/./vendor/Debug/debug.c.o
 .debug_str     0x000013b4      0x643 ./build/./vendor/Peripheral/src/ch32v20x_misc.c.o
 .debug_str     0x000013b4      0x6d4 ./build/./vendor/Peripheral/src/ch32v20x_usart.c.o
 .debug_str     0x000013b4      0x53b ./build/./vendor/Peripheral/src/ch32v20x_gpio.c.o
 .debug_str     0x000013b4      0x67b ./build/./vendor/Peripheral/src/ch32v20x_rcc.c.o
 .debug_str     0x000013b4       0x66 ./build/./vendor/Startup/startup_ch32v20x_D6.S.o
 .debug_str     0x000013b4      0x2a3 ./build/./vendor/User/system_ch32v20x.c.o
 .debug_str     0x000013b4      0x16c ./build/./vendor/User/ch32v20x_it.c.o

.debug_line_str
                0x00000000      0x392
 .debug_line_str
                0x00000000      0x392 ./build/./app/Core/main.c.o
                                0x24d (size before relaxing)
 .debug_line_str
                0x00000392      0x247 ./build/./vendor/Debug/debug.c.o
 .debug_line_str
                0x00000392      0x1cf ./build/./vendor/Peripheral/src/ch32v20x_misc.c.o
 .debug_line_str
                0x00000392      0x1e2 ./build/./vendor/Peripheral/src/ch32v20x_usart.c.o
 .debug_line_str
                0x00000392      0x1de ./build/./vendor/Peripheral/src/ch32v20x_gpio.c.o
 .debug_line_str
                0x00000392      0x1cb ./build/./vendor/Peripheral/src/ch32v20x_rcc.c.o
 .debug_line_str
                0x00000392       0x5a ./build/./vendor/Startup/startup_ch32v20x_D6.S.o
 .debug_line_str
                0x00000392      0x1d1 ./build/./vendor/User/system_ch32v20x.c.o
 .debug_line_str
                0x00000392       0xac ./build/./vendor/User/ch32v20x_it.c.o

.comment        0x00000000       0x33
 .comment       0x00000000       0x33 ./build/./app/Core/main.c.o
                                 0x34 (size before relaxing)
 .comment       0x00000033       0x34 ./build/./vendor/Debug/debug.c.o
 .comment       0x00000033       0x34 ./build/./vendor/Peripheral/src/ch32v20x_misc.c.o
 .comment       0x00000033       0x34 ./build/./vendor/Peripheral/src/ch32v20x_usart.c.o
 .comment       0x00000033       0x34 ./build/./vendor/Peripheral/src/ch32v20x_gpio.c.o
 .comment       0x00000033       0x34 ./build/./vendor/Peripheral/src/ch32v20x_rcc.c.o
 .comment       0x00000033       0x34 ./build/./vendor/User/system_ch32v20x.c.o
 .comment       0x00000033       0x34 ./build/./vendor/User/ch32v20x_it.c.o
 .comment       0x00000033       0x34 /nix/store/7cgn622cqyz41hw4z07lv305pfk5n6r0-source/bin/../lib/gcc/riscv-none-elf/13.2.0/../../../../riscv-none-elf/lib/rv32imafc_zicsr/ilp32f/libg_nano.a(libc_a-atexit.o)
 .comment       0x00000033       0x34 /nix/store/7cgn622cqyz41hw4z07lv305pfk5n6r0-source/bin/../lib/gcc/riscv-none-elf/13.2.0/../../../../riscv-none-elf/lib/rv32imafc_zicsr/ilp32f/libg_nano.a(libc_a-printf.o)
 .comment       0x00000033       0x34 /nix/store/7cgn622cqyz41hw4z07lv305pfk5n6r0-source/bin/../lib/gcc/riscv-none-elf/13.2.0/../../../../riscv-none-elf/lib/rv32imafc_zicsr/ilp32f/libg_nano.a(libc_a-puts.o)
 .comment       0x00000033       0x34 /nix/store/7cgn622cqyz41hw4z07lv305pfk5n6r0-source/bin/../lib/gcc/riscv-none-elf/13.2.0/../../../../riscv-none-elf/lib/rv32imafc_zicsr/ilp32f/libg_nano.a(libc_a-wbuf.o)
 .comment       0x00000033       0x34 /nix/store/7cgn622cqyz41hw4z07lv305pfk5n6r0-source/bin/../lib/gcc/riscv-none-elf/13.2.0/../../../../riscv-none-elf/lib/rv32imafc_zicsr/ilp32f/libg_nano.a(libc_a-wsetup.o)
 .comment       0x00000033       0x34 /nix/store/7cgn622cqyz41hw4z07lv305pfk5n6r0-source/bin/../lib/gcc/riscv-none-elf/13.2.0/../../../../riscv-none-elf/lib/rv32imafc_zicsr/ilp32f/libg_nano.a(libc_a-impure.o)
 .comment       0x00000033       0x34 /nix/store/7cgn622cqyz41hw4z07lv305pfk5n6r0-source/bin/../lib/gcc/riscv-none-elf/13.2.0/../../../../riscv-none-elf/lib/rv32imafc_zicsr/ilp32f/libg_nano.a(libc_a-init.o)
 .comment       0x00000033       0x34 /nix/store/7cgn622cqyz41hw4z07lv305pfk5n6r0-source/bin/../lib/gcc/riscv-none-elf/13.2.0/../../../../riscv-none-elf/lib/rv32imafc_zicsr/ilp32f/libg_nano.a(libc_a-fini.o)
 .comment       0x00000033       0x34 /nix/store/7cgn622cqyz41hw4z07lv305pfk5n6r0-source/bin/../lib/gcc/riscv-none-elf/13.2.0/../../../../riscv-none-elf/lib/rv32imafc_zicsr/ilp32f/libg_nano.a(libc_a-lock.o)
 .comment       0x00000033       0x34 /nix/store/7cgn622cqyz41hw4z07lv305pfk5n6r0-source/bin/../lib/gcc/riscv-none-elf/13.2.0/../../../../riscv-none-elf/lib/rv32imafc_zicsr/ilp32f/libg_nano.a(libc_a-__atexit.o)
 .comment       0x00000033       0x34 /nix/store/7cgn622cqyz41hw4z07lv305pfk5n6r0-source/bin/../lib/gcc/riscv-none-elf/13.2.0/../../../../riscv-none-elf/lib/rv32imafc_zicsr/ilp32f/libg_nano.a(libc_a-__call_atexit.o)
 .comment       0x00000033       0x34 /nix/store/7cgn622cqyz41hw4z07lv305pfk5n6r0-source/bin/../lib/gcc/riscv-none-elf/13.2.0/../../../../riscv-none-elf/lib/rv32imafc_zicsr/ilp32f/libg_nano.a(libc_a-freer.o)
 .comment       0x00000033       0x34 /nix/store/7cgn622cqyz41hw4z07lv305pfk5n6r0-source/bin/../lib/gcc/riscv-none-elf/13.2.0/../../../../riscv-none-elf/lib/rv32imafc_zicsr/ilp32f/libg_nano.a(libc_a-mallocr.o)
 .comment       0x00000033       0x34 /nix/store/7cgn622cqyz41hw4z07lv305pfk5n6r0-source/bin/../lib/gcc/riscv-none-elf/13.2.0/../../../../riscv-none-elf/lib/rv32imafc_zicsr/ilp32f/libg_nano.a(libc_a-mlock.o)
 .comment       0x00000033       0x34 /nix/store/7cgn622cqyz41hw4z07lv305pfk5n6r0-source/bin/../lib/gcc/riscv-none-elf/13.2.0/../../../../riscv-none-elf/lib/rv32imafc_zicsr/ilp32f/libg_nano.a(libc_a-nano-vfprintf.o)
 .comment       0x00000033       0x34 /nix/store/7cgn622cqyz41hw4z07lv305pfk5n6r0-source/bin/../lib/gcc/riscv-none-elf/13.2.0/../../../../riscv-none-elf/lib/rv32imafc_zicsr/ilp32f/libg_nano.a(libc_a-nano-vfprintf_i.o)
 .comment       0x00000033       0x34 /nix/store/7cgn622cqyz41hw4z07lv305pfk5n6r0-source/bin/../lib/gcc/riscv-none-elf/13.2.0/../../../../riscv-none-elf/lib/rv32imafc_zicsr/ilp32f/libg_nano.a(libc_a-fflush.o)
 .comment       0x00000033       0x34 /nix/store/7cgn622cqyz41hw4z07lv305pfk5n6r0-source/bin/../lib/gcc/riscv-none-elf/13.2.0/../../../../riscv-none-elf/lib/rv32imafc_zicsr/ilp32f/libg_nano.a(libc_a-findfp.o)
 .comment       0x00000033       0x34 /nix/store/7cgn622cqyz41hw4z07lv305pfk5n6r0-source/bin/../lib/gcc/riscv-none-elf/13.2.0/../../../../riscv-none-elf/lib/rv32imafc_zicsr/ilp32f/libg_nano.a(libc_a-fwalk.o)
 .comment       0x00000033       0x34 /nix/store/7cgn622cqyz41hw4z07lv305pfk5n6r0-source/bin/../lib/gcc/riscv-none-elf/13.2.0/../../../../riscv-none-elf/lib/rv32imafc_zicsr/ilp32f/libg_nano.a(libc_a-makebuf.o)
 .comment       0x00000033       0x34 /nix/store/7cgn622cqyz41hw4z07lv305pfk5n6r0-source/bin/../lib/gcc/riscv-none-elf/13.2.0/../../../../riscv-none-elf/lib/rv32imafc_zicsr/ilp32f/libg_nano.a(libc_a-stdio.o)
 .comment       0x00000033       0x34 /nix/store/7cgn622cqyz41hw4z07lv305pfk5n6r0-source/bin/../lib/gcc/riscv-none-elf/13.2.0/../../../../riscv-none-elf/lib/rv32imafc_zicsr/ilp32f/libg_nano.a(libc_a-memchr.o)
 .comment       0x00000033       0x34 /nix/store/7cgn622cqyz41hw4z07lv305pfk5n6r0-source/bin/../lib/gcc/riscv-none-elf/13.2.0/../../../../riscv-none-elf/lib/rv32imafc_zicsr/ilp32f/libg_nano.a(libc_a-closer.o)
 .comment       0x00000033       0x34 /nix/store/7cgn622cqyz41hw4z07lv305pfk5n6r0-source/bin/../lib/gcc/riscv-none-elf/13.2.0/../../../../riscv-none-elf/lib/rv32imafc_zicsr/ilp32f/libg_nano.a(libc_a-reent.o)
 .comment       0x00000033       0x34 /nix/store/7cgn622cqyz41hw4z07lv305pfk5n6r0-source/bin/../lib/gcc/riscv-none-elf/13.2.0/../../../../riscv-none-elf/lib/rv32imafc_zicsr/ilp32f/libg_nano.a(libc_a-fstatr.o)
 .comment       0x00000033       0x34 /nix/store/7cgn622cqyz41hw4z07lv305pfk5n6r0-source/bin/../lib/gcc/riscv-none-elf/13.2.0/../../../../riscv-none-elf/lib/rv32imafc_zicsr/ilp32f/libg_nano.a(libc_a-isattyr.o)
 .comment       0x00000033       0x34 /nix/store/7cgn622cqyz41hw4z07lv305pfk5n6r0-source/bin/../lib/gcc/riscv-none-elf/13.2.0/../../../../riscv-none-elf/lib/rv32imafc_zicsr/ilp32f/libg_nano.a(libc_a-lseekr.o)
 .comment       0x00000033       0x34 /nix/store/7cgn622cqyz41hw4z07lv305pfk5n6r0-source/bin/../lib/gcc/riscv-none-elf/13.2.0/../../../../riscv-none-elf/lib/rv32imafc_zicsr/ilp32f/libg_nano.a(libc_a-readr.o)
 .comment       0x00000033       0x34 /nix/store/7cgn622cqyz41hw4z07lv305pfk5n6r0-source/bin/../lib/gcc/riscv-none-elf/13.2.0/../../../../riscv-none-elf/lib/rv32imafc_zicsr/ilp32f/libg_nano.a(libc_a-sbrkr.o)
 .comment       0x00000033       0x34 /nix/store/7cgn622cqyz41hw4z07lv305pfk5n6r0-source/bin/../lib/gcc/riscv-none-elf/13.2.0/../../../../riscv-none-elf/lib/rv32imafc_zicsr/ilp32f/libg_nano.a(libc_a-writer.o)
 .comment       0x00000033       0x34 /nix/store/7cgn622cqyz41hw4z07lv305pfk5n6r0-source/bin/../lib/gcc/riscv-none-elf/13.2.0/../../../../riscv-none-elf/lib/rv32imafc_zicsr/ilp32f/libnosys.a(close.o)
 .comment       0x00000033       0x34 /nix/store/7cgn622cqyz41hw4z07lv305pfk5n6r0-source/bin/../lib/gcc/riscv-none-elf/13.2.0/../../../../riscv-none-elf/lib/rv32imafc_zicsr/ilp32f/libnosys.a(fstat.o)
 .comment       0x00000033       0x34 /nix/store/7cgn622cqyz41hw4z07lv305pfk5n6r0-source/bin/../lib/gcc/riscv-none-elf/13.2.0/../../../../riscv-none-elf/lib/rv32imafc_zicsr/ilp32f/libnosys.a(isatty.o)
 .comment       0x00000033       0x34 /nix/store/7cgn622cqyz41hw4z07lv305pfk5n6r0-source/bin/../lib/gcc/riscv-none-elf/13.2.0/../../../../riscv-none-elf/lib/rv32imafc_zicsr/ilp32f/libnosys.a(lseek.o)
 .comment       0x00000033       0x34 /nix/store/7cgn622cqyz41hw4z07lv305pfk5n6r0-source/bin/../lib/gcc/riscv-none-elf/13.2.0/../../../../riscv-none-elf/lib/rv32imafc_zicsr/ilp32f/libnosys.a(read.o)

.riscv.attributes
                0x00000000       0x46
 .riscv.attributes
                0x00000000       0x42 ./build/./app/Core/main.c.o
 .riscv.attributes
                0x00000042       0x42 ./build/./vendor/Debug/debug.c.o
 .riscv.attributes
                0x00000084       0x42 ./build/./vendor/Peripheral/src/ch32v20x_misc.c.o
 .riscv.attributes
                0x000000c6       0x42 ./build/./vendor/Peripheral/src/ch32v20x_usart.c.o
 .riscv.attributes
                0x00000108       0x42 ./build/./vendor/Peripheral/src/ch32v20x_gpio.c.o
 .riscv.attributes
                0x0000014a       0x42 ./build/./vendor/Peripheral/src/ch32v20x_rcc.c.o
 .riscv.attributes
                0x0000018c       0x44 ./build/./vendor/Startup/startup_ch32v20x_D6.S.o
 .riscv.attributes
                0x000001d0       0x42 ./build/./vendor/User/system_ch32v20x.c.o
 .riscv.attributes
                0x00000212       0x42 ./build/./vendor/User/ch32v20x_it.c.o
 .riscv.attributes
                0x00000254       0x42 /nix/store/7cgn622cqyz41hw4z07lv305pfk5n6r0-source/bin/../lib/gcc/riscv-none-elf/13.2.0/../../../../riscv-none-elf/lib/rv32imafc_zicsr/ilp32f/libg_nano.a(libc_a-atexit.o)
 .riscv.attributes
                0x00000296       0x42 /nix/store/7cgn622cqyz41hw4z07lv305pfk5n6r0-source/bin/../lib/gcc/riscv-none-elf/13.2.0/../../../../riscv-none-elf/lib/rv32imafc_zicsr/ilp32f/libg_nano.a(libc_a-printf.o)
 .riscv.attributes
                0x000002d8       0x42 /nix/store/7cgn622cqyz41hw4z07lv305pfk5n6r0-source/bin/../lib/gcc/riscv-none-elf/13.2.0/../../../../riscv-none-elf/lib/rv32imafc_zicsr/ilp32f/libg_nano.a(libc_a-puts.o)
 .riscv.attributes
                0x0000031a       0x42 /nix/store/7cgn622cqyz41hw4z07lv305pfk5n6r0-source/bin/../lib/gcc/riscv-none-elf/13.2.0/../../../../riscv-none-elf/lib/rv32imafc_zicsr/ilp32f/libg_nano.a(libc_a-wbuf.o)
 .riscv.attributes
                0x0000035c       0x42 /nix/store/7cgn622cqyz41hw4z07lv305pfk5n6r0-source/bin/../lib/gcc/riscv-none-elf/13.2.0/../../../../riscv-none-elf/lib/rv32imafc_zicsr/ilp32f/libg_nano.a(libc_a-wsetup.o)
 .riscv.attributes
                0x0000039e       0x42 /nix/store/7cgn622cqyz41hw4z07lv305pfk5n6r0-source/bin/../lib/gcc/riscv-none-elf/13.2.0/../../../../riscv-none-elf/lib/rv32imafc_zicsr/ilp32f/libg_nano.a(libc_a-impure.o)
 .riscv.attributes
                0x000003e0       0x42 /nix/store/7cgn622cqyz41hw4z07lv305pfk5n6r0-source/bin/../lib/gcc/riscv-none-elf/13.2.0/../../../../riscv-none-elf/lib/rv32imafc_zicsr/ilp32f/libg_nano.a(libc_a-init.o)
 .riscv.attributes
                0x00000422       0x42 /nix/store/7cgn622cqyz41hw4z07lv305pfk5n6r0-source/bin/../lib/gcc/riscv-none-elf/13.2.0/../../../../riscv-none-elf/lib/rv32imafc_zicsr/ilp32f/libg_nano.a(libc_a-fini.o)
 .riscv.attributes
                0x00000464       0x42 /nix/store/7cgn622cqyz41hw4z07lv305pfk5n6r0-source/bin/../lib/gcc/riscv-none-elf/13.2.0/../../../../riscv-none-elf/lib/rv32imafc_zicsr/ilp32f/libg_nano.a(libc_a-lock.o)
 .riscv.attributes
                0x000004a6       0x42 /nix/store/7cgn622cqyz41hw4z07lv305pfk5n6r0-source/bin/../lib/gcc/riscv-none-elf/13.2.0/../../../../riscv-none-elf/lib/rv32imafc_zicsr/ilp32f/libg_nano.a(libc_a-__atexit.o)
 .riscv.attributes
                0x000004e8       0x42 /nix/store/7cgn622cqyz41hw4z07lv305pfk5n6r0-source/bin/../lib/gcc/riscv-none-elf/13.2.0/../../../../riscv-none-elf/lib/rv32imafc_zicsr/ilp32f/libg_nano.a(libc_a-__call_atexit.o)
 .riscv.attributes
                0x0000052a       0x42 /nix/store/7cgn622cqyz41hw4z07lv305pfk5n6r0-source/bin/../lib/gcc/riscv-none-elf/13.2.0/../../../../riscv-none-elf/lib/rv32imafc_zicsr/ilp32f/libg_nano.a(libc_a-freer.o)
 .riscv.attributes
                0x0000056c       0x42 /nix/store/7cgn622cqyz41hw4z07lv305pfk5n6r0-source/bin/../lib/gcc/riscv-none-elf/13.2.0/../../../../riscv-none-elf/lib/rv32imafc_zicsr/ilp32f/libg_nano.a(libc_a-mallocr.o)
 .riscv.attributes
                0x000005ae       0x42 /nix/store/7cgn622cqyz41hw4z07lv305pfk5n6r0-source/bin/../lib/gcc/riscv-none-elf/13.2.0/../../../../riscv-none-elf/lib/rv32imafc_zicsr/ilp32f/libg_nano.a(libc_a-mlock.o)
 .riscv.attributes
                0x000005f0       0x42 /nix/store/7cgn622cqyz41hw4z07lv305pfk5n6r0-source/bin/../lib/gcc/riscv-none-elf/13.2.0/../../../../riscv-none-elf/lib/rv32imafc_zicsr/ilp32f/libg_nano.a(libc_a-nano-vfprintf.o)
 .riscv.attributes
                0x00000632       0x42 /nix/store/7cgn622cqyz41hw4z07lv305pfk5n6r0-source/bin/../lib/gcc/riscv-none-elf/13.2.0/../../../../riscv-none-elf/lib/rv32imafc_zicsr/ilp32f/libg_nano.a(libc_a-nano-vfprintf_i.o)
 .riscv.attributes
                0x00000674       0x42 /nix/store/7cgn622cqyz41hw4z07lv305pfk5n6r0-source/bin/../lib/gcc/riscv-none-elf/13.2.0/../../../../riscv-none-elf/lib/rv32imafc_zicsr/ilp32f/libg_nano.a(libc_a-fflush.o)
 .riscv.attributes
                0x000006b6       0x42 /nix/store/7cgn622cqyz41hw4z07lv305pfk5n6r0-source/bin/../lib/gcc/riscv-none-elf/13.2.0/../../../../riscv-none-elf/lib/rv32imafc_zicsr/ilp32f/libg_nano.a(libc_a-findfp.o)
 .riscv.attributes
                0x000006f8       0x42 /nix/store/7cgn622cqyz41hw4z07lv305pfk5n6r0-source/bin/../lib/gcc/riscv-none-elf/13.2.0/../../../../riscv-none-elf/lib/rv32imafc_zicsr/ilp32f/libg_nano.a(libc_a-fwalk.o)
 .riscv.attributes
                0x0000073a       0x42 /nix/store/7cgn622cqyz41hw4z07lv305pfk5n6r0-source/bin/../lib/gcc/riscv-none-elf/13.2.0/../../../../riscv-none-elf/lib/rv32imafc_zicsr/ilp32f/libg_nano.a(libc_a-makebuf.o)
 .riscv.attributes
                0x0000077c       0x42 /nix/store/7cgn622cqyz41hw4z07lv305pfk5n6r0-source/bin/../lib/gcc/riscv-none-elf/13.2.0/../../../../riscv-none-elf/lib/rv32imafc_zicsr/ilp32f/libg_nano.a(libc_a-stdio.o)
 .riscv.attributes
                0x000007be       0x42 /nix/store/7cgn622cqyz41hw4z07lv305pfk5n6r0-source/bin/../lib/gcc/riscv-none-elf/13.2.0/../../../../riscv-none-elf/lib/rv32imafc_zicsr/ilp32f/libg_nano.a(libc_a-memchr.o)
 .riscv.attributes
                0x00000800       0x42 /nix/store/7cgn622cqyz41hw4z07lv305pfk5n6r0-source/bin/../lib/gcc/riscv-none-elf/13.2.0/../../../../riscv-none-elf/lib/rv32imafc_zicsr/ilp32f/libg_nano.a(libc_a-closer.o)
 .riscv.attributes
                0x00000842       0x42 /nix/store/7cgn622cqyz41hw4z07lv305pfk5n6r0-source/bin/../lib/gcc/riscv-none-elf/13.2.0/../../../../riscv-none-elf/lib/rv32imafc_zicsr/ilp32f/libg_nano.a(libc_a-reent.o)
 .riscv.attributes
                0x00000884       0x42 /nix/store/7cgn622cqyz41hw4z07lv305pfk5n6r0-source/bin/../lib/gcc/riscv-none-elf/13.2.0/../../../../riscv-none-elf/lib/rv32imafc_zicsr/ilp32f/libg_nano.a(libc_a-fstatr.o)
 .riscv.attributes
                0x000008c6       0x42 /nix/store/7cgn622cqyz41hw4z07lv305pfk5n6r0-source/bin/../lib/gcc/riscv-none-elf/13.2.0/../../../../riscv-none-elf/lib/rv32imafc_zicsr/ilp32f/libg_nano.a(libc_a-isattyr.o)
 .riscv.attributes
                0x00000908       0x42 /nix/store/7cgn622cqyz41hw4z07lv305pfk5n6r0-source/bin/../lib/gcc/riscv-none-elf/13.2.0/../../../../riscv-none-elf/lib/rv32imafc_zicsr/ilp32f/libg_nano.a(libc_a-lseekr.o)
 .riscv.attributes
                0x0000094a       0x42 /nix/store/7cgn622cqyz41hw4z07lv305pfk5n6r0-source/bin/../lib/gcc/riscv-none-elf/13.2.0/../../../../riscv-none-elf/lib/rv32imafc_zicsr/ilp32f/libg_nano.a(libc_a-readr.o)
 .riscv.attributes
                0x0000098c       0x42 /nix/store/7cgn622cqyz41hw4z07lv305pfk5n6r0-source/bin/../lib/gcc/riscv-none-elf/13.2.0/../../../../riscv-none-elf/lib/rv32imafc_zicsr/ilp32f/libg_nano.a(libc_a-sbrkr.o)
 .riscv.attributes
                0x000009ce       0x42 /nix/store/7cgn622cqyz41hw4z07lv305pfk5n6r0-source/bin/../lib/gcc/riscv-none-elf/13.2.0/../../../../riscv-none-elf/lib/rv32imafc_zicsr/ilp32f/libg_nano.a(libc_a-writer.o)
 .riscv.attributes
                0x00000a10       0x40 /nix/store/7cgn622cqyz41hw4z07lv305pfk5n6r0-source/bin/../lib/gcc/riscv-none-elf/13.2.0/../../../../riscv-none-elf/lib/rv32imafc_zicsr/ilp32f/libg_nano.a(libc_a-memset.o)
 .riscv.attributes
                0x00000a50       0x42 /nix/store/7cgn622cqyz41hw4z07lv305pfk5n6r0-source/bin/../lib/gcc/riscv-none-elf/13.2.0/../../../../riscv-none-elf/lib/rv32imafc_zicsr/ilp32f/libnosys.a(close.o)
 .riscv.attributes
                0x00000a92       0x42 /nix/store/7cgn622cqyz41hw4z07lv305pfk5n6r0-source/bin/../lib/gcc/riscv-none-elf/13.2.0/../../../../riscv-none-elf/lib/rv32imafc_zicsr/ilp32f/libnosys.a(fstat.o)
 .riscv.attributes
                0x00000ad4       0x42 /nix/store/7cgn622cqyz41hw4z07lv305pfk5n6r0-source/bin/../lib/gcc/riscv-none-elf/13.2.0/../../../../riscv-none-elf/lib/rv32imafc_zicsr/ilp32f/libnosys.a(isatty.o)
 .riscv.attributes
                0x00000b16       0x42 /nix/store/7cgn622cqyz41hw4z07lv305pfk5n6r0-source/bin/../lib/gcc/riscv-none-elf/13.2.0/../../../../riscv-none-elf/lib/rv32imafc_zicsr/ilp32f/libnosys.a(lseek.o)
 .riscv.attributes
                0x00000b58       0x42 /nix/store/7cgn622cqyz41hw4z07lv305pfk5n6r0-source/bin/../lib/gcc/riscv-none-elf/13.2.0/../../../../riscv-none-elf/lib/rv32imafc_zicsr/ilp32f/libnosys.a(read.o)

.debug_frame    0x00000000      0x74c
 .debug_frame   0x00000000       0x48 ./build/./app/Core/main.c.o
 .debug_frame   0x00000048       0xc4 ./build/./vendor/Debug/debug.c.o
 .debug_frame   0x0000010c       0x30 ./build/./vendor/Peripheral/src/ch32v20x_misc.c.o
 .debug_frame   0x0000013c      0x214 ./build/./vendor/Peripheral/src/ch32v20x_usart.c.o
 .debug_frame   0x00000350      0x150 ./build/./vendor/Peripheral/src/ch32v20x_gpio.c.o
 .debug_frame   0x000004a0      0x240 ./build/./vendor/Peripheral/src/ch32v20x_rcc.c.o
 .debug_frame   0x000006e0       0x3c ./build/./vendor/User/system_ch32v20x.c.o
 .debug_frame   0x0000071c       0x30 ./build/./vendor/User/ch32v20x_it.c.o
