Future Technology Devices International Limited (c) 2007-2010, All Rights Reserved


CPU_CORE =   VC2, CPU_RAM_SIZE= 16 KB, CPU_ROM_SIZE=256 KB

Linker Version  = V1.0.1 Loader Version =  V1.0.1
Mon May 06 17:21:42 2024


=================================================================================================================

SEGMENT_MAP    
=================================================================================================================

Start Address                  Segment Name                   Segment Size
=================================================================================================================

0003c0 .text                          000000fe84
010244 .dataFlash                     0000000287
000000 .dataRAM                       0000000287
000287 .bss                           000000018f
000416 .HeapRAM                       00000037e8

=================================================================================================================

SYMBOL_TABLE   
=================================================================================================================

SYM ADDRESS PUBLIC SYM NAME                SYM TYPE   MEM TYPE FILE NAME            SYM SIZE  
NOTE:L=LABEL F=FUNCTION 0=FLASH and 1=RAM
=================================================================================================================

0043a main                           F              0 keylogger.obj        0009a
004d4 usbslave_connect               F              0 keylogger.obj        00031
00505 usbslave_disconnect            F              0 keylogger.obj        00031
00536 hid_slave_attach               F              0 keylogger.obj        00053
00589 hid_slave_detach               F              0 keylogger.obj        0002e
005b7 HID_detach                     F              0 keylogger.obj        0002e
005e5 open_drivers                   F              0 keylogger.obj        0000e
005f3 attach_drivers                 F              0 keylogger.obj        00001
005f4 close_drivers                  F              0 keylogger.obj        0000b
005ff firmware                       F              0 keylogger.obj        000fa
00287 hUSBSLAVE_HID                  L              1 keylogger.obj        00002
00289 buf                            L              1 keylogger.obj        00040
002c9 hUART                          L              1 keylogger.obj        00002
002cb hUSBHOST_1                     L              1 keylogger.obj        00002
002cd hUSBSLAVE_2                    L              1 keylogger.obj        00002
002cf tcbFIRMWARE                    L              1 keylogger.obj        00002
002d1 hUSBHOST_HID                   L              1 keylogger.obj        00002
0fb17 iomux_setup                    F              0 keylogger_iomux.obj  00089
0fba0 message                        F              0 message.obj          0004b
0fbeb number                         F              0 message.obj          00098
0fc83 usbhost_connect_state          F              0 USBHostApp.obj       0005a
0fcdd hid_attach                     F              0 USBHostApp.obj       000e2
0fdbf enumerate_device               F              0 USBHostApp.obj       0015c
0ff1b get_report_descriptor          F              0 USBHostApp.obj       00185
100a0 get_report                     F              0 USBHostApp.obj       0009c
1013c init_slave_kbd_driver          F              0 USBSlaveApp.obj      00108
00182 usbSlaveHIDKeyboard_default_device_descriptor L              1 USBSlaveApp.obj      00012
00194 usbSlaveHIDKeyboard_default_config_descriptor L              1 USBSlaveApp.obj      00022
001b6 usbSlaveHIDKeyboard_default_string_descriptor_0 L              1 USBSlaveApp.obj      00004
001ba usbSlaveHIDKeyboard_default_string_descriptor_1 L              1 USBSlaveApp.obj      0000a
001c4 usbSlaveHIDKeyboard_default_string_descriptor_2 L              1 USBSlaveApp.obj      0001a
001de usbSlaveHIDKeyboard_default_string_descriptor_3 L              1 USBSlaveApp.obj      00012
001f0 usbSlaveHIDKeyboard_default_report_descriptor L              1 USBSlaveApp.obj      00041
00231 myManufacturer                 L              1 USBSlaveApp.obj      0000a
0023b myProduct                      L              1 USBSlaveApp.obj      00018
00253 mySerialNumber                 L              1 USBSlaveApp.obj      00012
