Archive member included to satisfy reference by file (symbol)

/nix/store/7cgn622cqyz41hw4z07lv305pfk5n6r0-source/bin/../lib/gcc/riscv-none-elf/13.2.0/../../../../riscv-none-elf/lib/rv32imafc_zicsr/ilp32f/libg_nano.a(libc_a-printf.o)
                              ./build/./app/main.c.o (printf)
/nix/store/7cgn622cqyz41hw4z07lv305pfk5n6r0-source/bin/../lib/gcc/riscv-none-elf/13.2.0/../../../../riscv-none-elf/lib/rv32imafc_zicsr/ilp32f/libg_nano.a(libc_a-puts.o)
                              ./build/./app/main.c.o (puts)
/nix/store/7cgn622cqyz41hw4z07lv305pfk5n6r0-source/bin/../lib/gcc/riscv-none-elf/13.2.0/../../../../riscv-none-elf/lib/rv32imafc_zicsr/ilp32f/libg_nano.a(libc_a-wbuf.o)
                              /nix/store/7cgn622cqyz41hw4z07lv305pfk5n6r0-source/bin/../lib/gcc/riscv-none-elf/13.2.0/../../../../riscv-none-elf/lib/rv32imafc_zicsr/ilp32f/libg_nano.a(libc_a-puts.o) (__swbuf_r)
/nix/store/7cgn622cqyz41hw4z07lv305pfk5n6r0-source/bin/../lib/gcc/riscv-none-elf/13.2.0/../../../../riscv-none-elf/lib/rv32imafc_zicsr/ilp32f/libg_nano.a(libc_a-wsetup.o)
                              /nix/store/7cgn622cqyz41hw4z07lv305pfk5n6r0-source/bin/../lib/gcc/riscv-none-elf/13.2.0/../../../../riscv-none-elf/lib/rv32imafc_zicsr/ilp32f/libg_nano.a(libc_a-puts.o) (__swsetup_r)
/nix/store/7cgn622cqyz41hw4z07lv305pfk5n6r0-source/bin/../lib/gcc/riscv-none-elf/13.2.0/../../../../riscv-none-elf/lib/rv32imafc_zicsr/ilp32f/libg_nano.a(libc_a-impure.o)
                              /nix/store/7cgn622cqyz41hw4z07lv305pfk5n6r0-source/bin/../lib/gcc/riscv-none-elf/13.2.0/../../../../riscv-none-elf/lib/rv32imafc_zicsr/ilp32f/libg_nano.a(libc_a-printf.o) (_impure_ptr)
/nix/store/7cgn622cqyz41hw4z07lv305pfk5n6r0-source/bin/../lib/gcc/riscv-none-elf/13.2.0/../../../../riscv-none-elf/lib/rv32imafc_zicsr/ilp32f/libg_nano.a(libc_a-lock.o)
                              /nix/store/7cgn622cqyz41hw4z07lv305pfk5n6r0-source/bin/../lib/gcc/riscv-none-elf/13.2.0/../../../../riscv-none-elf/lib/rv32imafc_zicsr/ilp32f/libg_nano.a(libc_a-puts.o) (__retarget_lock_acquire_recursive)
/nix/store/7cgn622cqyz41hw4z07lv305pfk5n6r0-source/bin/../lib/gcc/riscv-none-elf/13.2.0/../../../../riscv-none-elf/lib/rv32imafc_zicsr/ilp32f/libg_nano.a(libc_a-freer.o)
                              /nix/store/7cgn622cqyz41hw4z07lv305pfk5n6r0-source/bin/../lib/gcc/riscv-none-elf/13.2.0/../../../../riscv-none-elf/lib/rv32imafc_zicsr/ilp32f/libg_nano.a(libc_a-wsetup.o) (_free_r)
/nix/store/7cgn622cqyz41hw4z07lv305pfk5n6r0-source/bin/../lib/gcc/riscv-none-elf/13.2.0/../../../../riscv-none-elf/lib/rv32imafc_zicsr/ilp32f/libg_nano.a(libc_a-mallocr.o)
                              /nix/store/7cgn622cqyz41hw4z07lv305pfk5n6r0-source/bin/../lib/gcc/riscv-none-elf/13.2.0/../../../../riscv-none-elf/lib/rv32imafc_zicsr/ilp32f/libg_nano.a(libc_a-freer.o) (__malloc_free_list)
/nix/store/7cgn622cqyz41hw4z07lv305pfk5n6r0-source/bin/../lib/gcc/riscv-none-elf/13.2.0/../../../../riscv-none-elf/lib/rv32imafc_zicsr/ilp32f/libg_nano.a(libc_a-mlock.o)
                              /nix/store/7cgn622cqyz41hw4z07lv305pfk5n6r0-source/bin/../lib/gcc/riscv-none-elf/13.2.0/../../../../riscv-none-elf/lib/rv32imafc_zicsr/ilp32f/libg_nano.a(libc_a-freer.o) (__malloc_lock)
/nix/store/7cgn622cqyz41hw4z07lv305pfk5n6r0-source/bin/../lib/gcc/riscv-none-elf/13.2.0/../../../../riscv-none-elf/lib/rv32imafc_zicsr/ilp32f/libg_nano.a(libc_a-nano-vfprintf.o)
                              /nix/store/7cgn622cqyz41hw4z07lv305pfk5n6r0-source/bin/../lib/gcc/riscv-none-elf/13.2.0/../../../../riscv-none-elf/lib/rv32imafc_zicsr/ilp32f/libg_nano.a(libc_a-printf.o) (_vfprintf_r)
/nix/store/7cgn622cqyz41hw4z07lv305pfk5n6r0-source/bin/../lib/gcc/riscv-none-elf/13.2.0/../../../../riscv-none-elf/lib/rv32imafc_zicsr/ilp32f/libg_nano.a(libc_a-nano-vfprintf_i.o)
                              /nix/store/7cgn622cqyz41hw4z07lv305pfk5n6r0-source/bin/../lib/gcc/riscv-none-elf/13.2.0/../../../../riscv-none-elf/lib/rv32imafc_zicsr/ilp32f/libg_nano.a(libc_a-nano-vfprintf.o) (_printf_i)
/nix/store/7cgn622cqyz41hw4z07lv305pfk5n6r0-source/bin/../lib/gcc/riscv-none-elf/13.2.0/../../../../riscv-none-elf/lib/rv32imafc_zicsr/ilp32f/libg_nano.a(libc_a-fflush.o)
                              /nix/store/7cgn622cqyz41hw4z07lv305pfk5n6r0-source/bin/../lib/gcc/riscv-none-elf/13.2.0/../../../../riscv-none-elf/lib/rv32imafc_zicsr/ilp32f/libg_nano.a(libc_a-wbuf.o) (_fflush_r)
/nix/store/7cgn622cqyz41hw4z07lv305pfk5n6r0-source/bin/../lib/gcc/riscv-none-elf/13.2.0/../../../../riscv-none-elf/lib/rv32imafc_zicsr/ilp32f/libg_nano.a(libc_a-findfp.o)
                              /nix/store/7cgn622cqyz41hw4z07lv305pfk5n6r0-source/bin/../lib/gcc/riscv-none-elf/13.2.0/../../../../riscv-none-elf/lib/rv32imafc_zicsr/ilp32f/libg_nano.a(libc_a-fflush.o) (__sglue)
/nix/store/7cgn622cqyz41hw4z07lv305pfk5n6r0-source/bin/../lib/gcc/riscv-none-elf/13.2.0/../../../../riscv-none-elf/lib/rv32imafc_zicsr/ilp32f/libg_nano.a(libc_a-fvwrite.o)
[...]
Memory Configuration

Name             Origin             Length             Attributes
FLASH            0x00000000         0x00010000         xr
RAM              0x20000000         0x00005000         xrw
*default*        0x00000000         0xffffffff

Linker script and memory map

LOAD ./build/./app/main.c.o
LOAD ./build/./vendor/Core/core_riscv.c.o
LOAD ./build/./vendor/Debug/debug.c.o
LOAD ./build/./vendor/Peripheral/src/ch32v20x_bkp.c.o
LOAD ./build/./vendor/Peripheral/src/ch32v20x_i2c.c.o
LOAD ./build/./vendor/Peripheral/src/ch32v20x_pwr.c.o
LOAD ./build/./vendor/Peripheral/src/ch32v20x_iwdg.c.o
LOAD ./build/./vendor/Peripheral/src/ch32v20x_dbgmcu.c.o
LOAD ./build/./vendor/Peripheral/src/ch32v20x_misc.c.o
LOAD ./build/./vendor/Peripheral/src/ch32v20x_rtc.c.o
LOAD ./build/./vendor/Peripheral/src/ch32v20x_dma.c.o
LOAD ./build/./vendor/Peripheral/src/ch32v20x_tim.c.o
LOAD ./build/./vendor/Peripheral/src/ch32v20x_exti.c.o
LOAD ./build/./vendor/Peripheral/src/ch32v20x_wwdg.c.o
LOAD ./build/./vendor/Peripheral/src/ch32v20x_spi.c.o
LOAD ./build/./vendor/Peripheral/src/ch32v20x_crc.c.o
LOAD ./build/./vendor/Peripheral/src/ch32v20x_usart.c.o
LOAD ./build/./vendor/Peripheral/src/ch32v20x_adc.c.o
LOAD ./build/./vendor/Peripheral/src/ch32v20x_gpio.c.o
LOAD ./build/./vendor/Peripheral/src/ch32v20x_rcc.c.o
LOAD ./build/./vendor/Peripheral/src/ch32v20x_can.c.o
LOAD ./build/./vendor/Peripheral/src/ch32v20x_opa.c.o
LOAD ./build/./vendor/Peripheral/src/ch32v20x_flash.c.o
LOAD ./build/./vendor/Startup/startup_ch32v20x_D6.S.o
LOAD ./build/./vendor/User/system_ch32v20x.c.o
LOAD ./build/./vendor/User/ch32v20x_it.c.o
LOAD /nix/store/7cgn622cqyz41hw4z07lv305pfk5n6r0-source/bin/../lib/gcc/riscv-none-elf/13.2.0/rv32imafc_zicsr/ilp32f/libgcc.a
LOAD /nix/store/7cgn622cqyz41hw4z07lv305pfk5n6r0-source/bin/../lib/gcc/riscv-none-elf/13.2.0/../../../../riscv-none-elf/lib/rv32imafc_zicsr/ilp32f/libg_nano.a
LOAD /nix/store/7cgn622cqyz41hw4z07lv305pfk5n6r0-source/bin/../lib/gcc/riscv-none-elf/13.2.0/../../../../riscv-none-elf/lib/rv32imafc_zicsr/ilp32f/libc_nano.a
LOAD /nix/store/7cgn622cqyz41hw4z07lv305pfk5n6r0-source/bin/../lib/gcc/riscv-none-elf/13.2.0/rv32imafc_zicsr/ilp32f/libgcc.a
START GROUP
LOAD /nix/store/7cgn622cqyz41hw4z07lv305pfk5n6r0-source/bin/../lib/gcc/riscv-none-elf/13.2.0/rv32imafc_zicsr/ilp32f/libgcc.a
LOAD /nix/store/7cgn622cqyz41hw4z07lv305pfk5n6r0-source/bin/../lib/gcc/riscv-none-elf/13.2.0/../../../../riscv-none-elf/lib/rv32imafc_zicsr/ilp32f/libc_nano.a
LOAD /nix/store/7cgn622cqyz41hw4z07lv305pfk5n6r0-source/bin/../lib/gcc/riscv-none-elf/13.2.0/../../../../riscv-none-elf/lib/rv32imafc_zicsr/ilp32f/libnosys.a
END GROUP
START GROUP
LOAD /nix/store/7cgn622cqyz41hw4z07lv305pfk5n6r0-source/bin/../lib/gcc/riscv-none-elf/13.2.0/rv32imafc_zicsr/ilp32f/libgcc.a
LOAD /nix/store/7cgn622cqyz41hw4z07lv305pfk5n6r0-source/bin/../lib/gcc/riscv-none-elf/13.2.0/../../../../riscv-none-elf/lib/rv32imafc_zicsr/ilp32f/libc_nano.a
LOAD /nix/store/7cgn622cqyz41hw4z07lv305pfk5n6r0-source/bin/../lib/gcc/riscv-none-elf/13.2.0/../../../../riscv-none-elf/lib/rv32imafc_zicsr/ilp32f/libnosys.a
END GROUP
                0x00000800                        __stack_size = 0x800
                [!provide]                        PROVIDE (_stack_size = __stack_size)

.init           0x00000000       0x38
                0x00000000                        _sinit = .
                0x00000000                        . = ALIGN (0x4)
 *(SORT_NONE(.init))
 .init          0x00000000       0x38 ./build/./vendor/Startup/startup_ch32v20x_D6.S.o
                0x00000000                _start
                0x00000038                        . = ALIGN (0x4)
                0x00000038                        _einit = .

.vector         0x00000038      0x108
 *(.vector)
 .vector        0x00000038       0xfc ./build/./vendor/Startup/startup_ch32v20x_D6.S.o
                0x00000140                        . = ALIGN (0x40)
 *fill*         0x00000134        0xc 

.text           0x00000140     0x1a04
                0x00000140                        . = ALIGN (0x4)
 *(.text)
 .text          0x00000140       0x10 /nix/store/7cgn622cqyz41hw4z07lv305pfk5n6r0-source/bin/../lib/gcc/riscv-none-elf/13.2.0/../../../../riscv-none-elf/lib/rv32imafc_zicsr/ilp32f/libg_nano.a(libc_a-memset.o)
                0x00000140                memset
 *(.text.*)
 .text.GPIO_Toggle_init
                0x00000150       0x30 ./build/./app/main.c.o
                0x00000150                GPIO_Toggle_init
 .text.startup.main
                0x00000180       0xa0 ./build/./app/main.c.o
                0x00000180                main
 .text.Delay_Init
                0x00000220       0x2a ./build/./vendor/Debug/debug.c.o
                0x00000220                Delay_Init
 .text.Delay_Ms
                0x0000024a       0x36 ./build/./vendor/Debug/debug.c.o
                0x0000024a                Delay_Ms
 .text.USART_Printf_Init
                0x00000280       0x5a ./build/./vendor/Debug/debug.c.o
                0x00000280                USART_Printf_Init
 .text._write   0x000002da       0x4c ./build/./vendor/Debug/debug.c.o
                0x000002da                _write
 .text._sbrk    0x00000326       0x2a ./build/./vendor/Debug/debug.c.o
                0x00000326                _sbrk
 .text.NVIC_PriorityGroupConfig
                0x00000350        0x6 ./build/./vendor/Peripheral/src/ch32v20x_misc.c.o
                0x00000350                NVIC_PriorityGroupConfig
 .text.USART_Init
                0x00000356       0xd4 ./build/./vendor/Peripheral/src/ch32v20x_usart.c.o
                0x00000356                USART_Init
 .text.USART_Cmd
                0x0000042a       0x18 ./build/./vendor/Peripheral/src/ch32v20x_usart.c.o
                0x0000042a                USART_Cmd
 .text.USART_SendData
                0x00000442        0xa ./build/./vendor/Peripheral/src/ch32v20x_usart.c.o
                0x00000442                USART_SendData
 .text.USART_GetFlagStatus
                0x0000044c        0xc ./build/./vendor/Peripheral/src/ch32v20x_usart.c.o
                0x0000044c                USART_GetFlagStatus
 .text.GPIO_Init
                0x00000458       0xd0 ./build/./vendor/Peripheral/src/ch32v20x_gpio.c.o
                0x00000458                GPIO_Init
 .text.GPIO_WriteBit
                0x00000528       0x14 ./build/./vendor/Peripheral/src/ch32v20x_gpio.c.o
                0x00000528                GPIO_WriteBit
 .text.RCC_GetClocksFreq
                0x0000053c       0xba ./build/./vendor/Peripheral/src/ch32v20x_rcc.c.o
                0x0000053c                RCC_GetClocksFreq
 .text.RCC_APB2PeriphClockCmd
                0x000005f6       0x1e ./build/./vendor/Peripheral/src/ch32v20x_rcc.c.o
                0x000005f6                RCC_APB2PeriphClockCmd
 .text.vector_handler
                0x00000614       0x6c ./build/./vendor/Startup/startup_ch32v20x_D6.S.o
                0x00000618                Ecall_M_Mode_Handler
                0x0000061a                Ecall_U_Mode_Handler
                0x0000061c                Break_Point_Handler
                0x0000061e                SysTick_Handler
                0x00000620                SW_handler
                0x00000622                WWDG_IRQHandler
                0x00000624                PVD_IRQHandler
                0x00000626                TAMPER_IRQHandler
                0x00000628                RTC_IRQHandler
                0x0000062a                FLASH_IRQHandler
                0x0000062c                RCC_IRQHandler
                0x0000062e                EXTI0_IRQHandler
                0x00000630                EXTI1_IRQHandler
                0x00000632                EXTI2_IRQHandler
                0x00000634                EXTI3_IRQHandler
                0x00000636                EXTI4_IRQHandler
                0x00000638                DMA1_Channel1_IRQHandler
                0x0000063a                DMA1_Channel2_IRQHandler
                0x0000063c                DMA1_Channel3_IRQHandler
                0x0000063e                DMA1_Channel4_IRQHandler
                0x00000640                DMA1_Channel5_IRQHandler
                0x00000642                DMA1_Channel6_IRQHandler
                0x00000644                DMA1_Channel7_IRQHandler
                0x00000646                ADC1_2_IRQHandler
                0x00000648                USB_HP_CAN1_TX_IRQHandler
                0x0000064a                USB_LP_CAN1_RX0_IRQHandler
                0x0000064c                CAN1_RX1_IRQHandler
                0x0000064e                CAN1_SCE_IRQHandler
                0x00000650                EXTI9_5_IRQHandler
                0x00000652                TIM1_BRK_IRQHandler
                0x00000654                TIM1_UP_IRQHandler
                0x00000656                TIM1_TRG_COM_IRQHandler
                0x00000658                TIM1_CC_IRQHandler
                0x0000065a                TIM2_IRQHandler
                0x0000065c                TIM3_IRQHandler
                0x0000065e                TIM4_IRQHandler
                0x00000660                I2C1_EV_IRQHandler
                0x00000662                I2C1_ER_IRQHandler
                0x00000664                I2C2_EV_IRQHandler
                0x00000666                I2C2_ER_IRQHandler
                0x00000668                SPI1_IRQHandler
                0x0000066a                SPI2_IRQHandler
                0x0000066c                USART1_IRQHandler
                0x0000066e                USART2_IRQHandler
                0x00000670                USART3_IRQHandler
                0x00000672                EXTI15_10_IRQHandler
                0x00000674                RTCAlarm_IRQHandler
                0x00000676                USBWakeUp_IRQHandler
                0x00000678                USBHD_IRQHandler
                0x0000067a                USBHDWakeUp_IRQHandler
                0x0000067c                UART4_IRQHandler
                0x0000067e                DMA1_Channel8_IRQHandler
 .text.handle_reset
                0x00000680       0x86 ./build/./vendor/Startup/startup_ch32v20x_D6.S.o
                0x00000680                handle_reset
 .text.SystemInit
                0x00000706       0xea ./build/./vendor/User/system_ch32v20x.c.o
                0x00000706                SystemInit
 .text.SystemCoreClockUpdate
                0x000007f0       0x76 ./build/./vendor/User/system_ch32v20x.c.o
                0x000007f0                SystemCoreClockUpdate
 .text.NMI_Handler
                0x00000866        0x4 ./build/./vendor/User/ch32v20x_it.c.o
                0x00000866                NMI_Handler
 .text.HardFault_Handler
                0x0000086a        0x2 ./build/./vendor/User/ch32v20x_it.c.o
                0x0000086a                HardFault_Handler
 .text.printf   0x0000086c       0x28 /nix/store/7cgn622cqyz41hw4z07lv305pfk5n6r0-source/bin/../lib/gcc/riscv-none-elf/13.2.0/../../../../riscv-none-elf/lib/rv32imafc_zicsr/ilp32f/libg_nano.a(libc_a-printf.o)
                0x0000086c                printf
                0x0000086c                iprintf
 .text._puts_r  0x00000894       0xce /nix/store/7cgn622cqyz41hw4z07lv305pfk5n6r0-source/bin/../lib/gcc/riscv-none-elf/13.2.0/../../../../riscv-none-elf/lib/rv32imafc_zicsr/ilp32f/libg_nano.a(libc_a-puts.o)
                0x00000894                _puts_r
 .text.puts     0x00000962        0x8 /nix/store/7cgn622cqyz41hw4z07lv305pfk5n6r0-source/bin/../lib/gcc/riscv-none-elf/13.2.0/../../../../riscv-none-elf/lib/rv32imafc_zicsr/ilp32f/libg_nano.a(libc_a-puts.o)
                0x00000962                puts
 .text.__swbuf_r
                0x0000096a       0x9c /nix/store/7cgn622cqyz41hw4z07lv305pfk5n6r0-source/bin/../lib/gcc/riscv-none-elf/13.2.0/../../../../riscv-none-elf/lib/rv32imafc_zicsr/ilp32f/libg_nano.a(libc_a-wbuf.o)
                0x0000096a                __swbuf_r
 .text.__swsetup_r
                0x00000a06       0xc8 /nix/store/7cgn622cqyz41hw4z07lv305pfk5n6r0-source/bin/../lib/gcc/riscv-none-elf/13.2.0/../../../../riscv-none-elf/lib/rv32imafc_zicsr/ilp32f/libg_nano.a(libc_a-wsetup.o)
                0x00000a06                __swsetup_r
 .text.__retarget_lock_init_recursive
                0x00000ace        0x2 /nix/store/7cgn622cqyz41hw4z07lv305pfk5n6r0-source/bin/../lib/gcc/riscv-none-elf/13.2.0/../../../../riscv-none-elf/lib/rv32imafc_zicsr/ilp32f/libg_nano.a(libc_a-lock.o)
                0x00000ace                __retarget_lock_init_recursive
 .text.__retarget_lock_acquire_recursive
                0x00000ad0        0x2 /nix/store/7cgn622cqyz41hw4z07lv305pfk5n6r0-source/bin/../lib/gcc/riscv-none-elf/13.2.0/../../../../riscv-none-elf/lib/rv32imafc_zicsr/ilp32f/libg_nano.a(libc_a-lock.o)
                0x00000ad0                __retarget_lock_acquire_recursive
 .text.__retarget_lock_release_recursive
                0x00000ad2        0x2 /nix/store/7cgn622cqyz41hw4z07lv305pfk5n6r0-source/bin/../lib/gcc/riscv-none-elf/13.2.0/../../../../riscv-none-elf/lib/rv32imafc_zicsr/ilp32f/libg_nano.a(libc_a-lock.o)
                0x00000ad2                __retarget_lock_release_recursive
 .text._free_r  0x00000ad4       0x9e /nix/store/7cgn622cqyz41hw4z07lv305pfk5n6r0-source/bin/../lib/gcc/riscv-none-elf/13.2.0/../../../../riscv-none-elf/lib/rv32imafc_zicsr/ilp32f/libg_nano.a(libc_a-freer.o)
                0x00000ad4                _free_r
 .text.sbrk_aligned
                0x00000b72       0x5a /nix/store/7cgn622cqyz41hw4z07lv305pfk5n6r0-source/bin/../lib/gcc/riscv-none-elf/13.2.0/../../../../riscv-none-elf/lib/rv32imafc_zicsr/ilp32f/libg_nano.a(libc_a-mallocr.o)
 .text._malloc_r
                0x00000bcc      0x11c /nix/store/7cgn622cqyz41hw4z07lv305pfk5n6r0-source/bin/../lib/gcc/riscv-none-elf/13.2.0/../../../../riscv-none-elf/lib/rv32imafc_zicsr/ilp32f/libg_nano.a(libc_a-mallocr.o)
                0x00000bcc                _malloc_r
 .text.__malloc_lock
                0x00000ce8        0x6 /nix/store/7cgn622cqyz41hw4z07lv305pfk5n6r0-source/bin/../lib/gcc/riscv-none-elf/13.2.0/../../../../riscv-none-elf/lib/rv32imafc_zicsr/ilp32f/libg_nano.a(libc_a-mlock.o)
                0x00000ce8                __malloc_lock
 .text.__malloc_unlock
                0x00000cee        0x6 /nix/store/7cgn622cqyz41hw4z07lv305pfk5n6r0-source/bin/../lib/gcc/riscv-none-elf/13.2.0/../../../../riscv-none-elf/lib/rv32imafc_zicsr/ilp32f/libg_nano.a(libc_a-mlock.o)
                0x00000cee                __malloc_unlock
 .text.__sfputc_r
                0x00000cf4       0x28 /nix/store/7cgn622cqyz41hw4z07lv305pfk5n6r0-source/bin/../lib/gcc/riscv-none-elf/13.2.0/../../../../riscv-none-elf/lib/rv32imafc_zicsr/ilp32f/libg_nano.a(libc_a-nano-vfprintf.o)
 .text.__sfputs_r
                0x00000d1c       0x42 /nix/store/7cgn622cqyz41hw4z07lv305pfk5n6r0-source/bin/../lib/gcc/riscv-none-elf/13.2.0/../../../../riscv-none-elf/lib/rv32imafc_zicsr/ilp32f/libg_nano.a(libc_a-nano-vfprintf.o)
                0x00000d1c                __sfputs_r
 .text._vfprintf_r
                0x00000d5e      0x2a2 /nix/store/7cgn622cqyz41hw4z07lv305pfk5n6r0-source/bin/../lib/gcc/riscv-none-elf/13.2.0/../../../../riscv-none-elf/lib/rv32imafc_zicsr/ilp32f/libg_nano.a(libc_a-nano-vfprintf.o)
                0x00000d5e                _vfiprintf_r
                0x00000d5e                _vfprintf_r
 .text._printf_common
                0x00001000      0x110 /nix/store/7cgn622cqyz41hw4z07lv305pfk5n6r0-source/bin/../lib/gcc/riscv-none-elf/13.2.0/../../../../riscv-none-elf/lib/rv32imafc_zicsr/ilp32f/libg_nano.a(libc_a-nano-vfprintf_i.o)
                0x00001000                _printf_common
 .text._printf_i
                0x00001110      0x262 /nix/store/7cgn622cqyz41hw4z07lv305pfk5n6r0-source/bin/../lib/gcc/riscv-none-elf/13.2.0/../../../../riscv-none-elf/lib/rv32imafc_zicsr/ilp32f/libg_nano.a(libc_a-nano-vfprintf_i.o)
                0x00001110                _printf_i
 .text.__sflush_r
                0x00001372      0x13c /nix/store/7cgn622cqyz41hw4z07lv305pfk5n6r0-source/bin/../lib/gcc/riscv-none-elf/13.2.0/../../../../riscv-none-elf/lib/rv32imafc_zicsr/ilp32f/libg_nano.a(libc_a-fflush.o)
                0x00001372                __sflush_r
 .text._fflush_r
                0x000014ae       0x5e /nix/store/7cgn622cqyz41hw4z07lv305pfk5n6r0-source/bin/../lib/gcc/riscv-none-elf/13.2.0/../../../../riscv-none-elf/lib/rv32imafc_zicsr/ilp32f/libg_nano.a(libc_a-fflush.o)
                0x000014ae                _fflush_r
 .text.std      0x0000150c       0x98 /nix/store/7cgn622cqyz41hw4z07lv305pfk5n6r0-source/bin/../lib/gcc/riscv-none-elf/13.2.0/../../../../riscv-none-elf/lib/rv32imafc_zicsr/ilp32f/libg_nano.a(libc_a-findfp.o)
 .text.stdio_exit_handler
                0x000015a4       0x1a /nix/store/7cgn622cqyz41hw4z07lv305pfk5n6r0-source/bin/../lib/gcc/riscv-none-elf/13.2.0/../../../../riscv-none-elf/lib/rv32imafc_zicsr/ilp32f/libg_nano.a(libc_a-findfp.o)
 .text.cleanup_stdio
                0x000015be       0x46 /nix/store/7cgn622cqyz41hw4z07lv305pfk5n6r0-source/bin/../lib/gcc/riscv-none-elf/13.2.0/../../../../riscv-none-elf/lib/rv32imafc_zicsr/ilp32f/libg_nano.a(libc_a-findfp.o)
 .text.global_stdio_init.part.0
                0x00001604       0x3a /nix/store/7cgn622cqyz41hw4z07lv305pfk5n6r0-source/bin/../lib/gcc/riscv-none-elf/13.2.0/../../../../riscv-none-elf/lib/rv32imafc_zicsr/ilp32f/libg_nano.a(libc_a-findfp.o)
 .text.__sfp_lock_acquire
                0x0000163e        0x8 /nix/store/7cgn622cqyz41hw4z07lv305pfk5n6r0-source/bin/../lib/gcc/riscv-none-elf/13.2.0/../../../../riscv-none-elf/lib/rv32imafc_zicsr/ilp32f/libg_nano.a(libc_a-findfp.o)
                0x0000163e                __sfp_lock_acquire
 .text.__sfp_lock_release
                0x00001646        0x8 /nix/store/7cgn622cqyz41hw4z07lv305pfk5n6r0-source/bin/../lib/gcc/riscv-none-elf/13.2.0/../../../../riscv-none-elf/lib/rv32imafc_zicsr/ilp32f/libg_nano.a(libc_a-findfp.o)
                0x00001646                __sfp_lock_release
 .text.__sinit  0x0000164e       0x2a /nix/store/7cgn622cqyz41hw4z07lv305pfk5n6r0-source/bin/../lib/gcc/riscv-none-elf/13.2.0/../../../../riscv-none-elf/lib/rv32imafc_zicsr/ilp32f/libg_nano.a(libc_a-findfp.o)
                0x0000164e                __sinit
 .text._fwalk_sglue
                0x00001678       0x68 /nix/store/7cgn622cqyz41hw4z07lv305pfk5n6r0-source/bin/../lib/gcc/riscv-none-elf/13.2.0/../../../../riscv-none-elf/lib/rv32imafc_zicsr/ilp32f/libg_nano.a(libc_a-fwalk.o)
                0x00001678                _fwalk_sglue
 .text.__swhatbuf_r
                0x000016e0       0x5a /nix/store/7cgn622cqyz41hw4z07lv305pfk5n6r0-source/bin/../lib/gcc/riscv-none-elf/13.2.0/../../../../riscv-none-elf/lib/rv32imafc_zicsr/ilp32f/libg_nano.a(libc_a-makebuf.o)
                0x000016e0                __swhatbuf_r
 .text.__smakebuf_r
                0x0000173a       0x9a /nix/store/7cgn622cqyz41hw4z07lv305pfk5n6r0-source/bin/../lib/gcc/riscv-none-elf/13.2.0/../../../../riscv-none-elf/lib/rv32imafc_zicsr/ilp32f/libg_nano.a(libc_a-makebuf.o)
                0x0000173a                __smakebuf_r
 .text.__sread  0x000017d4       0x30 /nix/store/7cgn622cqyz41hw4z07lv305pfk5n6r0-source/bin/../lib/gcc/riscv-none-elf/13.2.0/../../../../riscv-none-elf/lib/rv32imafc_zicsr/ilp32f/libg_nano.a(libc_a-stdio.o)
                0x000017d4                __sread
 .text.__swrite
                0x00001804       0x4e /nix/store/7cgn622cqyz41hw4z07lv305pfk5n6r0-source/bin/../lib/gcc/riscv-none-elf/13.2.0/../../../../riscv-none-elf/lib/rv32imafc_zicsr/ilp32f/libg_nano.a(libc_a-stdio.o)
                0x00001804                __swrite
 .text.__sseek  0x00001852       0x36 /nix/store/7cgn622cqyz41hw4z07lv305pfk5n6r0-source/bin/../lib/gcc/riscv-none-elf/13.2.0/../../../../riscv-none-elf/lib/rv32imafc_zicsr/ilp32f/libg_nano.a(libc_a-stdio.o)
                0x00001852                __sseek
 .text.__sclose
                0x00001888        0x6 /nix/store/7cgn622cqyz41hw4z07lv305pfk5n6r0-source/bin/../lib/gcc/riscv-none-elf/13.2.0/../../../../riscv-none-elf/lib/rv32imafc_zicsr/ilp32f/libg_nano.a(libc_a-stdio.o)
                0x00001888                __sclose
 .text.memchr   0x0000188e       0x1a /nix/store/7cgn622cqyz41hw4z07lv305pfk5n6r0-source/bin/../lib/gcc/riscv-none-elf/13.2.0/../../../../riscv-none-elf/lib/rv32imafc_zicsr/ilp32f/libg_nano.a(libc_a-memchr.o)
                0x0000188e                memchr
 .text._close_r
                0x000018a8       0x26 /nix/store/7cgn622cqyz41hw4z07lv305pfk5n6r0-source/bin/../lib/gcc/riscv-none-elf/13.2.0/../../../../riscv-none-elf/lib/rv32imafc_zicsr/ilp32f/libg_nano.a(libc_a-closer.o)
                0x000018a8                _close_r
 .text._fstat_r
                0x000018ce       0x28 /nix/store/7cgn622cqyz41hw4z07lv305pfk5n6r0-source/bin/../lib/gcc/riscv-none-elf/13.2.0/../../../../riscv-none-elf/lib/rv32imafc_zicsr/ilp32f/libg_nano.a(libc_a-fstatr.o)
                0x000018ce                _fstat_r
 .text._isatty_r
                0x000018f6       0x26 /nix/store/7cgn622cqyz41hw4z07lv305pfk5n6r0-source/bin/../lib/gcc/riscv-none-elf/13.2.0/../../../../riscv-none-elf/lib/rv32imafc_zicsr/ilp32f/libg_nano.a(libc_a-isattyr.o)
                0x000018f6                _isatty_r
 .text._lseek_r
                0x0000191c       0x2a /nix/store/7cgn622cqyz41hw4z07lv305pfk5n6r0-source/bin/../lib/gcc/riscv-none-elf/13.2.0/../../../../riscv-none-elf/lib/rv32imafc_zicsr/ilp32f/libg_nano.a(libc_a-lseekr.o)
                0x0000191c                _lseek_r
 .text._read_r  0x00001946       0x2a /nix/store/7cgn622cqyz41hw4z07lv305pfk5n6r0-source/bin/../lib/gcc/riscv-none-elf/13.2.0/../../../../riscv-none-elf/lib/rv32imafc_zicsr/ilp32f/libg_nano.a(libc_a-readr.o)
                0x00001946                _read_r
 .text._sbrk_r  0x00001970       0x28 /nix/store/7cgn622cqyz41hw4z07lv305pfk5n6r0-source/bin/../lib/gcc/riscv-none-elf/13.2.0/../../../../riscv-none-elf/lib/rv32imafc_zicsr/ilp32f/libg_nano.a(libc_a-sbrkr.o)
                0x00001970                _sbrk_r
 .text._write_r
                0x00001998       0x2c /nix/store/7cgn622cqyz41hw4z07lv305pfk5n6r0-source/bin/../lib/gcc/riscv-none-elf/13.2.0/../../../../riscv-none-elf/lib/rv32imafc_zicsr/ilp32f/libg_nano.a(libc_a-writer.o)
                0x00001998                _write_r
 .text._close   0x000019c4        0xc /nix/store/7cgn622cqyz41hw4z07lv305pfk5n6r0-source/bin/../lib/gcc/riscv-none-elf/13.2.0/../../../../riscv-none-elf/lib/rv32imafc_zicsr/ilp32f/libnosys.a(close.o)
                0x000019c4                _close
 .text._fstat   0x000019d0        0xc /nix/store/7cgn622cqyz41hw4z07lv305pfk5n6r0-source/bin/../lib/gcc/riscv-none-elf/13.2.0/../../../../riscv-none-elf/lib/rv32imafc_zicsr/ilp32f/libnosys.a(fstat.o)
                0x000019d0                _fstat
 .text._isatty  0x000019dc        0xc /nix/store/7cgn622cqyz41hw4z07lv305pfk5n6r0-source/bin/../lib/gcc/riscv-none-elf/13.2.0/../../../../riscv-none-elf/lib/rv32imafc_zicsr/ilp32f/libnosys.a(isatty.o)
                0x000019dc                _isatty
 .text._lseek   0x000019e8        0xc /nix/store/7cgn622cqyz41hw4z07lv305pfk5n6r0-source/bin/../lib/gcc/riscv-none-elf/13.2.0/../../../../riscv-none-elf/lib/rv32imafc_zicsr/ilp32f/libnosys.a(lseek.o)
                0x000019e8                _lseek
 .text._read    0x000019f4        0xc /nix/store/7cgn622cqyz41hw4z07lv305pfk5n6r0-source/bin/../lib/gcc/riscv-none-elf/13.2.0/../../../../riscv-none-elf/lib/rv32imafc_zicsr/ilp32f/libnosys.a(read.o)
                0x000019f4                _read
 *(.rodata)
 *(.rodata*)
 .rodata.main.str1.4
                0x00001a00       0xc9 ./build/./app/main.c.o
                                 0x8e (size before relaxing)
 *fill*         0x00001ac9        0x3 
 .rodata.APBAHBPrescTable
                0x00001acc       0x10 ./build/./vendor/Peripheral/src/ch32v20x_rcc.c.o
 .rodata.AHBPrescTable
                0x00001adc       0x10 ./build/./vendor/User/system_ch32v20x.c.o
                0x00001adc                AHBPrescTable
 .rodata._vfprintf_r.str1.4
                0x00001aec       0x13 /nix/store/7cgn622cqyz41hw4z07lv305pfk5n6r0-source/bin/../lib/gcc/riscv-none-elf/13.2.0/../../../../riscv-none-elf/lib/rv32imafc_zicsr/ilp32f/libg_nano.a(libc_a-nano-vfprintf.o)
 .rodata._printf_i.str1.4
                0x00001aec       0x25 /nix/store/7cgn622cqyz41hw4z07lv305pfk5n6r0-source/bin/../lib/gcc/riscv-none-elf/13.2.0/../../../../riscv-none-elf/lib/rv32imafc_zicsr/ilp32f/libg_nano.a(libc_a-nano-vfprintf_i.o)
 .rodata._printf_i
                0x00001aec       0x58 /nix/store/7cgn622cqyz41hw4z07lv305pfk5n6r0-source/bin/../lib/gcc/riscv-none-elf/13.2.0/../../../../riscv-none-elf/lib/rv32imafc_zicsr/ilp32f/libg_nano.a(libc_a-nano-vfprintf_i.o)
 *(.glue_7)
 *(.glue_7t)
 *(.gnu.linkonce.t.*)
                0x00001b44                        . = ALIGN (0x4)

.rela.dyn       0x00001b44        0x0
 .rela.text._sbrk
                0x00001b44        0x0 ./build/./app/main.c.o
 .rela.sdata.curbrk.0
                0x00001b44        0x0 ./build/./app/main.c.o
 .rela.init     0x00001b44        0x0 ./build/./app/main.c.o
 .rela.vector   0x00001b44        0x0 ./build/./app/main.c.o
 .rela.text.handle_reset
                0x00001b44        0x0 ./build/./app/main.c.o
 .rela.text._vfprintf_r
                0x00001b44        0x0 ./build/./app/main.c.o

.fini           0x00001b44        0x0
 *(SORT_NONE(.fini))
                0x00001b44                        . = ALIGN (0x4)
                [!provide]                        PROVIDE (_etext = .)
                [!provide]                        PROVIDE (_eitcm = .)

.preinit_array  0x00001b44        0x0
                [!provide]                        PROVIDE (__preinit_array_start = .)
 *(.preinit_array)
                [!provide]                        PROVIDE (__preinit_array_end = .)

.init_array     0x00001b44        0x0
                [!provide]                        PROVIDE (__init_array_start = .)
 *(SORT_BY_INIT_PRIORITY(.init_array.*) SORT_BY_INIT_PRIORITY(.ctors.*))
 *(.init_array EXCLUDE_FILE(*crtend?.o *crtend.o *crtbegin?.o *crtbegin.o) .ctors)
                [!provide]                        PROVIDE (__init_array_end = .)

.fini_array     0x00001b44        0x0
                [!provide]                        PROVIDE (__fini_array_start = .)
 *(SORT_BY_INIT_PRIORITY(.fini_array.*) SORT_BY_INIT_PRIORITY(.dtors.*))
 *(.fini_array EXCLUDE_FILE(*crtend?.o *crtend.o *crtbegin?.o *crtbegin.o) .dtors)
                [!provide]                        PROVIDE (__fini_array_end = .)

.ctors
 *crtbegin.o(.ctors)
 *crtbegin?.o(.ctors)
 *(EXCLUDE_FILE(*crtend?.o *crtend.o) .ctors)
 *(SORT_BY_NAME(.ctors.*))
 *(.ctors)

.dtors
 *crtbegin.o(.dtors)
 *crtbegin?.o(.dtors)
 *(EXCLUDE_FILE(*crtend?.o *crtend.o) .dtors)
 *(SORT_BY_NAME(.dtors.*))
 *(.dtors)

.dalign         0x20000000        0x0 load address 0x00001b44
                0x20000000                        . = ALIGN (0x4)
                0x20000000                        PROVIDE (_data_vma = .)

.dlalign        0x00001b44        0x0
                0x00001b44                        . = ALIGN (0x4)
                0x00001b44                        PROVIDE (_data_lma = .)

.data           0x20000000       0x6c load address 0x00001b44
 *(.gnu.linkonce.r.*)
 *(.data .data.*)
 .data._impure_data
                0x20000000       0x4c /nix/store/7cgn622cqyz41hw4z07lv305pfk5n6r0-source/bin/../lib/gcc/riscv-none-elf/13.2.0/../../../../riscv-none-elf/lib/rv32imafc_zicsr/ilp32f/libg_nano.a(libc_a-impure.o)
                0x20000000                _impure_data
 .data.__sglue  0x2000004c        0xc /nix/store/7cgn622cqyz41hw4z07lv305pfk5n6r0-source/bin/../lib/gcc/riscv-none-elf/13.2.0/../../../../riscv-none-elf/lib/rv32imafc_zicsr/ilp32f/libg_nano.a(libc_a-findfp.o)
                0x2000004c                __sglue
 *(.gnu.linkonce.d.*)
                0x20000058                        . = ALIGN (0x8)
                0x20000858                        PROVIDE (__global_pointer$ = (. + 0x800))
 *(.sdata .sdata.*)
 .sdata.curbrk.0
                0x20000058        0x4 ./build/./vendor/Debug/debug.c.o
 .sdata.SystemCoreClock
                0x2000005c        0x4 ./build/./vendor/User/system_ch32v20x.c.o
                0x2000005c                SystemCoreClock
 .sdata._impure_ptr
                0x20000060        0x4 /nix/store/7cgn622cqyz41hw4z07lv305pfk5n6r0-source/bin/../lib/gcc/riscv-none-elf/13.2.0/../../../../riscv-none-elf/lib/rv32imafc_zicsr/ilp32f/libg_nano.a(libc_a-impure.o)
                0x20000060                _impure_ptr
 *(.sdata2.*)
 *(.gnu.linkonce.s.*)
                0x20000068                        . = ALIGN (0x8)
 *fill*         0x20000064        0x4 
 *(.srodata.cst16)
 *(.srodata.cst8)
 *(.srodata.cst4)
 *(.srodata.cst2)
 *(.srodata .srodata.*)
 .srodata.ADCPrescTable
                0x20000068        0x4 ./build/./vendor/Peripheral/src/ch32v20x_rcc.c.o
                0x2000006c                        . = ALIGN (0x4)
                0x2000006c                        PROVIDE (_edata = .)

.bss            0x2000006c      0x158 load address 0x00001bb0
                0x2000006c                        . = ALIGN (0x4)
                0x2000006c                        PROVIDE (_sbss = .)
 *(.sbss*)
 .sbss.p_ms     0x2000006c        0x2 ./build/./vendor/Debug/debug.c.o
 .sbss.p_us     0x2000006e        0x1 ./build/./vendor/Debug/debug.c.o
 *fill*         0x2000006f        0x1 
 .sbss.NVIC_Priority_Group
                0x20000070        0x4 ./build/./vendor/Peripheral/src/ch32v20x_misc.c.o
                0x20000070                NVIC_Priority_Group
 .sbss.__lock___malloc_recursive_mutex
                0x20000074        0x1 /nix/store/7cgn622cqyz41hw4z07lv305pfk5n6r0-source/bin/../lib/gcc/riscv-none-elf/13.2.0/../../../../riscv-none-elf/lib/rv32imafc_zicsr/ilp32f/libg_nano.a(libc_a-lock.o)
                0x20000074                __lock___malloc_recursive_mutex
 *fill*         0x20000075        0x3 
 .sbss.__lock___sfp_recursive_mutex
                0x20000078        0x1 /nix/store/7cgn622cqyz41hw4z07lv305pfk5n6r0-source/bin/../lib/gcc/riscv-none-elf/13.2.0/../../../../riscv-none-elf/lib/rv32imafc_zicsr/ilp32f/libg_nano.a(libc_a-lock.o)
                0x20000078                __lock___sfp_recursive_mutex
 *fill*         0x20000079        0x3 
 .sbss.__malloc_sbrk_start
                0x2000007c        0x4 /nix/store/7cgn622cqyz41hw4z07lv305pfk5n6r0-source/bin/../lib/gcc/riscv-none-elf/13.2.0/../../../../riscv-none-elf/lib/rv32imafc_zicsr/ilp32f/libg_nano.a(libc_a-mallocr.o)
                0x2000007c                __malloc_sbrk_start
 .sbss.__malloc_free_list
                0x20000080        0x4 /nix/store/7cgn622cqyz41hw4z07lv305pfk5n6r0-source/bin/../lib/gcc/riscv-none-elf/13.2.0/../../../../riscv-none-elf/lib/rv32imafc_zicsr/ilp32f/libg_nano.a(libc_a-mallocr.o)
                0x20000080                __malloc_free_list
 .sbss.__stdio_exit_handler
                0x20000084        0x4 /nix/store/7cgn622cqyz41hw4z07lv305pfk5n6r0-source/bin/../lib/gcc/riscv-none-elf/13.2.0/../../../../riscv-none-elf/lib/rv32imafc_zicsr/ilp32f/libg_nano.a(libc_a-findfp.o)
                0x20000084                __stdio_exit_handler
 .sbss.errno    0x20000088        0x4 /nix/store/7cgn622cqyz41hw4z07lv305pfk5n6r0-source/bin/../lib/gcc/riscv-none-elf/13.2.0/../../../../riscv-none-elf/lib/rv32imafc_zicsr/ilp32f/libg_nano.a(libc_a-reent.o)
                0x20000088                errno
 *(.gnu.linkonce.sb.*)
 *(.bss*)
 .bss.__sf      0x2000008c      0x138 /nix/store/7cgn622cqyz41hw4z07lv305pfk5n6r0-source/bin/../lib/gcc/riscv-none-elf/13.2.0/../../../../riscv-none-elf/lib/rv32imafc_zicsr/ilp32f/libg_nano.a(libc_a-findfp.o)
                0x2000008c                __sf
 *(.gnu.linkonce.b.*)
 *(COMMON*)
                0x200001c4                        . = ALIGN (0x4)
                0x200001c4                        PROVIDE (_ebss = .)
                0x200001c4                        PROVIDE (_end = _ebss)
                [!provide]                        PROVIDE (end = .)

.stack          0x20004800      0x800
                0x20004800                        PROVIDE (_heap_end = .)
                0x20004800                        . = ALIGN (0x4)
                [!provide]                        PROVIDE (_susrstack = .)
                0x20005000                        . = (. + __stack_size)
 *fill*         0x20004800      0x800 
                0x20005000                        PROVIDE (_eusrstack = .)
OUTPUT(build/app.elf elf32-littleriscv)

.debug_info     0x00000000     0x2fa6
 .debug_info    0x00000000      0x538 ./build/./app/main.c.o
 .debug_info    0x00000538      0x68d ./build/./vendor/Debug/debug.c.o
 .debug_info    0x00000bc5      0x5a2 ./build/./vendor/Peripheral/src/ch32v20x_misc.c.o
 .debug_info    0x00001167      0xa60 ./build/./vendor/Peripheral/src/ch32v20x_usart.c.o
 .debug_info    0x00001bc7      0x79a ./build/./vendor/Peripheral/src/ch32v20x_gpio.c.o
 .debug_info    0x00002361      0x8f5 ./build/./vendor/Peripheral/src/ch32v20x_rcc.c.o
 .debug_info    0x00002c56       0x23 ./build/./vendor/Startup/startup_ch32v20x_D6.S.o
 .debug_info    0x00002c79      0x299 ./build/./vendor/User/system_ch32v20x.c.o
 .debug_info    0x00002f12       0x94 ./build/./vendor/User/ch32v20x_it.c.o

.debug_abbrev   0x00000000      0xe8f
 .debug_abbrev  0x00000000      0x1d1 ./build/./app/main.c.o
 .debug_abbrev  0x000001d1      0x227 ./build/./vendor/Debug/debug.c.o
 .debug_abbrev  0x000003f8      0x1db ./build/./vendor/Peripheral/src/ch32v20x_misc.c.o
 .debug_abbrev  0x000005d3      0x21c ./build/./vendor/Peripheral/src/ch32v20x_usart.c.o
 .debug_abbrev  0x000007ef      0x253 ./build/./vendor/Peripheral/src/ch32v20x_gpio.c.o
 .debug_abbrev  0x00000a42      0x251 ./build/./vendor/Peripheral/src/ch32v20x_rcc.c.o
 .debug_abbrev  0x00000c93       0x12 ./build/./vendor/Startup/startup_ch32v20x_D6.S.o
 .debug_abbrev  0x00000ca5      0x1a5 ./build/./vendor/User/system_ch32v20x.c.o
 .debug_abbrev  0x00000e4a       0x45 ./build/./vendor/User/ch32v20x_it.c.o

.debug_loclists
                0x00000000     0x10e8
 .debug_loclists
                0x00000000       0x20 ./build/./app/main.c.o
 .debug_loclists
                0x00000020      0x10d ./build/./vendor/Debug/debug.c.o
 .debug_loclists
                0x0000012d       0xb3 ./build/./vendor/Peripheral/src/ch32v20x_misc.c.o
 .debug_loclists
                0x000001e0      0x557 ./build/./vendor/Peripheral/src/ch32v20x_usart.c.o
 .debug_loclists
                0x00000737      0x51f ./build/./vendor/Peripheral/src/ch32v20x_gpio.c.o
 .debug_loclists
                0x00000c56      0x430 ./build/./vendor/Peripheral/src/ch32v20x_rcc.c.o
 .debug_loclists
                0x00001086       0x62 ./build/./vendor/User/system_ch32v20x.c.o

.debug_aranges  0x00000000      0x3e8
 .debug_aranges
                0x00000000       0x28 ./build/./app/main.c.o
 .debug_aranges
                0x00000028       0x48 ./build/./vendor/Debug/debug.c.o
 .debug_aranges
                0x00000070       0x28 ./build/./vendor/Peripheral/src/ch32v20x_misc.c.o
 .debug_aranges
                0x00000098      0x100 ./build/./vendor/Peripheral/src/ch32v20x_usart.c.o
 .debug_aranges
                0x00000198       0xa8 ./build/./vendor/Peripheral/src/ch32v20x_gpio.c.o
 .debug_aranges
                0x00000240      0x128 ./build/./vendor/Peripheral/src/ch32v20x_rcc.c.o
 .debug_aranges
                0x00000368       0x30 ./build/./vendor/Startup/startup_ch32v20x_D6.S.o
 .debug_aranges
                0x00000398       0x28 ./build/./vendor/User/system_ch32v20x.c.o
 .debug_aranges
                0x000003c0       0x28 ./build/./vendor/User/ch32v20x_it.c.o

.debug_rnglists
                0x00000000      0x301
 .debug_rnglists
                0x00000000       0x1a ./build/./app/main.c.o
 .debug_rnglists
                0x0000001a       0x31 ./build/./vendor/Debug/debug.c.o
 .debug_rnglists
                0x0000004b       0x3e ./build/./vendor/Peripheral/src/ch32v20x_misc.c.o
 .debug_rnglists
                0x00000089       0xbd ./build/./vendor/Peripheral/src/ch32v20x_usart.c.o
 .debug_rnglists
                0x00000146       0x7c ./build/./vendor/Peripheral/src/ch32v20x_gpio.c.o
 .debug_rnglists
                0x000001c2       0xda ./build/./vendor/Peripheral/src/ch32v20x_rcc.c.o
 .debug_rnglists
                0x0000029c       0x20 ./build/./vendor/Startup/startup_ch32v20x_D6.S.o
 .debug_rnglists
                0x000002bc       0x2c ./build/./vendor/User/system_ch32v20x.c.o
 .debug_rnglists
                0x000002e8       0x19 ./build/./vendor/User/ch32v20x_it.c.o

.debug_line     0x00000000     0x3dde
 .debug_line    0x00000000      0x259 ./build/./app/main.c.o
 .debug_line    0x00000259      0x523 ./build/./vendor/Debug/debug.c.o
 .debug_line    0x0000077c      0x2cb ./build/./vendor/Peripheral/src/ch32v20x_misc.c.o
 .debug_line    0x00000a47      0xe3a ./build/./vendor/Peripheral/src/ch32v20x_usart.c.o
 .debug_line    0x00001881      0xd71 ./build/./vendor/Peripheral/src/ch32v20x_gpio.c.o
 .debug_line    0x000025f2     0x1011 ./build/./vendor/Peripheral/src/ch32v20x_rcc.c.o
 .debug_line    0x00003603      0x258 ./build/./vendor/Startup/startup_ch32v20x_D6.S.o
 .debug_line    0x0000385b      0x509 ./build/./vendor/User/system_ch32v20x.c.o
 .debug_line    0x00003d64       0x7a ./build/./vendor/User/ch32v20x_it.c.o

.debug_str      0x00000000     0x13aa
 .debug_str     0x00000000     0x13aa ./build/./app/main.c.o
                                0x455 (size before relaxing)
 .debug_str     0x000013aa      0x500 ./build/./vendor/Debug/debug.c.o
 .debug_str     0x000013aa      0x643 ./build/./vendor/Peripheral/src/ch32v20x_misc.c.o
 .debug_str     0x000013aa      0x6d4 ./build/./vendor/Peripheral/src/ch32v20x_usart.c.o
 .debug_str     0x000013aa      0x52f ./build/./vendor/Peripheral/src/ch32v20x_gpio.c.o
 .debug_str     0x000013aa      0x67b ./build/./vendor/Peripheral/src/ch32v20x_rcc.c.o
 .debug_str     0x000013aa       0x72 ./build/./vendor/Startup/startup_ch32v20x_D6.S.o
 .debug_str     0x000013aa      0x287 ./build/./vendor/User/system_ch32v20x.c.o
 .debug_str     0x000013aa      0x16c ./build/./vendor/User/ch32v20x_it.c.o

.debug_line_str
                0x00000000      0x394
 .debug_line_str
                0x00000000      0x394 ./build/./app/main.c.o
                                0x25b (size before relaxing)
 .debug_line_str
                0x00000394      0x25f ./build/./vendor/Debug/debug.c.o
 .debug_line_str
                0x00000394      0x1e7 ./build/./vendor/Peripheral/src/ch32v20x_misc.c.o
 .debug_line_str
                0x00000394      0x1fa ./build/./vendor/Peripheral/src/ch32v20x_usart.c.o
 .debug_line_str
                0x00000394      0x1f6 ./build/./vendor/Peripheral/src/ch32v20x_gpio.c.o
 .debug_line_str
                0x00000394      0x1e3 ./build/./vendor/Peripheral/src/ch32v20x_rcc.c.o
 .debug_line_str
                0x00000394       0x66 ./build/./vendor/Startup/startup_ch32v20x_D6.S.o
 .debug_line_str
                0x00000394      0x1e9 ./build/./vendor/User/system_ch32v20x.c.o
 .debug_line_str
                0x00000394       0xc4 ./build/./vendor/User/ch32v20x_it.c.o

.comment        0x00000000       0x33
 .comment       0x00000000       0x33 ./build/./app/main.c.o
                                 0x34 (size before relaxing)
 .comment       0x00000033       0x34 ./build/./vendor/Debug/debug.c.o
 .comment       0x00000033       0x34 ./build/./vendor/Peripheral/src/ch32v20x_misc.c.o
 .comment       0x00000033       0x34 ./build/./vendor/Peripheral/src/ch32v20x_usart.c.o
 .comment       0x00000033       0x34 ./build/./vendor/Peripheral/src/ch32v20x_gpio.c.o
 .comment       0x00000033       0x34 ./build/./vendor/Peripheral/src/ch32v20x_rcc.c.o
 .comment       0x00000033       0x34 ./build/./vendor/User/system_ch32v20x.c.o
 .comment       0x00000033       0x34 ./build/./vendor/User/ch32v20x_it.c.o
 .comment       0x00000033       0x34 /nix/store/7cgn622cqyz41hw4z07lv305pfk5n6r0-source/bin/../lib/gcc/riscv-none-elf/13.2.0/../../../../riscv-none-elf/lib/rv32imafc_zicsr/ilp32f/libg_nano.a(libc_a-printf.o)
 .comment       0x00000033       0x34 /nix/store/7cgn622cqyz41hw4z07lv305pfk5n6r0-source/bin/../lib/gcc/riscv-none-elf/13.2.0/../../../../riscv-none-elf/lib/rv32imafc_zicsr/ilp32f/libg_nano.a(libc_a-puts.o)
 .comment       0x00000033       0x34 /nix/store/7cgn622cqyz41hw4z07lv305pfk5n6r0-source/bin/../lib/gcc/riscv-none-elf/13.2.0/../../../../riscv-none-elf/lib/rv32imafc_zicsr/ilp32f/libg_nano.a(libc_a-wbuf.o)
 .comment       0x00000033       0x34 /nix/store/7cgn622cqyz41hw4z07lv305pfk5n6r0-source/bin/../lib/gcc/riscv-none-elf/13.2.0/../../../../riscv-none-elf/lib/rv32imafc_zicsr/ilp32f/libg_nano.a(libc_a-wsetup.o)
 .comment       0x00000033       0x34 /nix/store/7cgn622cqyz41hw4z07lv305pfk5n6r0-source/bin/../lib/gcc/riscv-none-elf/13.2.0/../../../../riscv-none-elf/lib/rv32imafc_zicsr/ilp32f/libg_nano.a(libc_a-impure.o)
 .comment       0x00000033       0x34 /nix/store/7cgn622cqyz41hw4z07lv305pfk5n6r0-source/bin/../lib/gcc/riscv-none-elf/13.2.0/../../../../riscv-none-elf/lib/rv32imafc_zicsr/ilp32f/libg_nano.a(libc_a-lock.o)
 .comment       0x00000033       0x34 /nix/store/7cgn622cqyz41hw4z07lv305pfk5n6r0-source/bin/../lib/gcc/riscv-none-elf/13.2.0/../../../../riscv-none-elf/lib/rv32imafc_zicsr/ilp32f/libg_nano.a(libc_a-freer.o)
 .comment       0x00000033       0x34 /nix/store/7cgn622cqyz41hw4z07lv305pfk5n6r0-source/bin/../lib/gcc/riscv-none-elf/13.2.0/../../../../riscv-none-elf/lib/rv32imafc_zicsr/ilp32f/libg_nano.a(libc_a-mallocr.o)
 .comment       0x00000033       0x34 /nix/store/7cgn622cqyz41hw4z07lv305pfk5n6r0-source/bin/../lib/gcc/riscv-none-elf/13.2.0/../../../../riscv-none-elf/lib/rv32imafc_zicsr/ilp32f/libg_nano.a(libc_a-mlock.o)
 .comment       0x00000033       0x34 /nix/store/7cgn622cqyz41hw4z07lv305pfk5n6r0-source/bin/../lib/gcc/riscv-none-elf/13.2.0/../../../../riscv-none-elf/lib/rv32imafc_zicsr/ilp32f/libg_nano.a(libc_a-nano-vfprintf.o)
 .comment       0x00000033       0x34 /nix/store/7cgn622cqyz41hw4z07lv305pfk5n6r0-source/bin/../lib/gcc/riscv-none-elf/13.2.0/../../../../riscv-none-elf/lib/rv32imafc_zicsr/ilp32f/libg_nano.a(libc_a-nano-vfprintf_i.o)
 .comment       0x00000033       0x34 /nix/store/7cgn622cqyz41hw4z07lv305pfk5n6r0-source/bin/../lib/gcc/riscv-none-elf/13.2.0/../../../../riscv-none-elf/lib/rv32imafc_zicsr/ilp32f/libg_nano.a(libc_a-fflush.o)
 .comment       0x00000033       0x34 /nix/store/7cgn622cqyz41hw4z07lv305pfk5n6r0-source/bin/../lib/gcc/riscv-none-elf/13.2.0/../../../../riscv-none-elf/lib/rv32imafc_zicsr/ilp32f/libg_nano.a(libc_a-findfp.o)
 .comment       0x00000033       0x34 /nix/store/7cgn622cqyz41hw4z07lv305pfk5n6r0-source/bin/../lib/gcc/riscv-none-elf/13.2.0/../../../../riscv-none-elf/lib/rv32imafc_zicsr/ilp32f/libg_nano.a(libc_a-fwalk.o)
 .comment       0x00000033       0x34 /nix/store/7cgn622cqyz41hw4z07lv305pfk5n6r0-source/bin/../lib/gcc/riscv-none-elf/13.2.0/../../../../riscv-none-elf/lib/rv32imafc_zicsr/ilp32f/libg_nano.a(libc_a-makebuf.o)
 .comment       0x00000033       0x34 /nix/store/7cgn622cqyz41hw4z07lv305pfk5n6r0-source/bin/../lib/gcc/riscv-none-elf/13.2.0/../../../../riscv-none-elf/lib/rv32imafc_zicsr/ilp32f/libg_nano.a(libc_a-stdio.o)
 .comment       0x00000033       0x34 /nix/store/7cgn622cqyz41hw4z07lv305pfk5n6r0-source/bin/../lib/gcc/riscv-none-elf/13.2.0/../../../../riscv-none-elf/lib/rv32imafc_zicsr/ilp32f/libg_nano.a(libc_a-memchr.o)
 .comment       0x00000033       0x34 /nix/store/7cgn622cqyz41hw4z07lv305pfk5n6r0-source/bin/../lib/gcc/riscv-none-elf/13.2.0/../../../../riscv-none-elf/lib/rv32imafc_zicsr/ilp32f/libg_nano.a(libc_a-closer.o)
 .comment       0x00000033       0x34 /nix/store/7cgn622cqyz41hw4z07lv305pfk5n6r0-source/bin/../lib/gcc/riscv-none-elf/13.2.0/../../../../riscv-none-elf/lib/rv32imafc_zicsr/ilp32f/libg_nano.a(libc_a-reent.o)
 .comment       0x00000033       0x34 /nix/store/7cgn622cqyz41hw4z07lv305pfk5n6r0-source/bin/../lib/gcc/riscv-none-elf/13.2.0/../../../../riscv-none-elf/lib/rv32imafc_zicsr/ilp32f/libg_nano.a(libc_a-fstatr.o)
 .comment       0x00000033       0x34 /nix/store/7cgn622cqyz41hw4z07lv305pfk5n6r0-source/bin/../lib/gcc/riscv-none-elf/13.2.0/../../../../riscv-none-elf/lib/rv32imafc_zicsr/ilp32f/libg_nano.a(libc_a-isattyr.o)
 .comment       0x00000033       0x34 /nix/store/7cgn622cqyz41hw4z07lv305pfk5n6r0-source/bin/../lib/gcc/riscv-none-elf/13.2.0/../../../../riscv-none-elf/lib/rv32imafc_zicsr/ilp32f/libg_nano.a(libc_a-lseekr.o)
 .comment       0x00000033       0x34 /nix/store/7cgn622cqyz41hw4z07lv305pfk5n6r0-source/bin/../lib/gcc/riscv-none-elf/13.2.0/../../../../riscv-none-elf/lib/rv32imafc_zicsr/ilp32f/libg_nano.a(libc_a-readr.o)
 .comment       0x00000033       0x34 /nix/store/7cgn622cqyz41hw4z07lv305pfk5n6r0-source/bin/../lib/gcc/riscv-none-elf/13.2.0/../../../../riscv-none-elf/lib/rv32imafc_zicsr/ilp32f/libg_nano.a(libc_a-sbrkr.o)
 .comment       0x00000033       0x34 /nix/store/7cgn622cqyz41hw4z07lv305pfk5n6r0-source/bin/../lib/gcc/riscv-none-elf/13.2.0/../../../../riscv-none-elf/lib/rv32imafc_zicsr/ilp32f/libg_nano.a(libc_a-writer.o)
 .comment       0x00000033       0x34 /nix/store/7cgn622cqyz41hw4z07lv305pfk5n6r0-source/bin/../lib/gcc/riscv-none-elf/13.2.0/../../../../riscv-none-elf/lib/rv32imafc_zicsr/ilp32f/libnosys.a(close.o)
 .comment       0x00000033       0x34 /nix/store/7cgn622cqyz41hw4z07lv305pfk5n6r0-source/bin/../lib/gcc/riscv-none-elf/13.2.0/../../../../riscv-none-elf/lib/rv32imafc_zicsr/ilp32f/libnosys.a(fstat.o)
 .comment       0x00000033       0x34 /nix/store/7cgn622cqyz41hw4z07lv305pfk5n6r0-source/bin/../lib/gcc/riscv-none-elf/13.2.0/../../../../riscv-none-elf/lib/rv32imafc_zicsr/ilp32f/libnosys.a(isatty.o)
 .comment       0x00000033       0x34 /nix/store/7cgn622cqyz41hw4z07lv305pfk5n6r0-source/bin/../lib/gcc/riscv-none-elf/13.2.0/../../../../riscv-none-elf/lib/rv32imafc_zicsr/ilp32f/libnosys.a(lseek.o)
 .comment       0x00000033       0x34 /nix/store/7cgn622cqyz41hw4z07lv305pfk5n6r0-source/bin/../lib/gcc/riscv-none-elf/13.2.0/../../../../riscv-none-elf/lib/rv32imafc_zicsr/ilp32f/libnosys.a(read.o)

.riscv.attributes
                0x00000000       0x46
 .riscv.attributes
                0x00000000       0x42 ./build/./app/main.c.o
 .riscv.attributes
                0x00000042       0x42 ./build/./vendor/Debug/debug.c.o
 .riscv.attributes
                0x00000084       0x42 ./build/./vendor/Peripheral/src/ch32v20x_misc.c.o
 .riscv.attributes
                0x000000c6       0x42 ./build/./vendor/Peripheral/src/ch32v20x_usart.c.o
 .riscv.attributes
                0x00000108       0x42 ./build/./vendor/Peripheral/src/ch32v20x_gpio.c.o
 .riscv.attributes
                0x0000014a       0x42 ./build/./vendor/Peripheral/src/ch32v20x_rcc.c.o
 .riscv.attributes
                0x0000018c       0x44 ./build/./vendor/Startup/startup_ch32v20x_D6.S.o
 .riscv.attributes
                0x000001d0       0x42 ./build/./vendor/User/system_ch32v20x.c.o
 .riscv.attributes
                0x00000212       0x46 ./build/./vendor/User/ch32v20x_it.c.o
 .riscv.attributes
                0x00000258       0x42 /nix/store/7cgn622cqyz41hw4z07lv305pfk5n6r0-source/bin/../lib/gcc/riscv-none-elf/13.2.0/../../../../riscv-none-elf/lib/rv32imafc_zicsr/ilp32f/libg_nano.a(libc_a-printf.o)
 .riscv.attributes
                0x0000029a       0x42 /nix/store/7cgn622cqyz41hw4z07lv305pfk5n6r0-source/bin/../lib/gcc/riscv-none-elf/13.2.0/../../../../riscv-none-elf/lib/rv32imafc_zicsr/ilp32f/libg_nano.a(libc_a-puts.o)
 .riscv.attributes
                0x000002dc       0x42 /nix/store/7cgn622cqyz41hw4z07lv305pfk5n6r0-source/bin/../lib/gcc/riscv-none-elf/13.2.0/../../../../riscv-none-elf/lib/rv32imafc_zicsr/ilp32f/libg_nano.a(libc_a-wbuf.o)
 .riscv.attributes
                0x0000031e       0x42 /nix/store/7cgn622cqyz41hw4z07lv305pfk5n6r0-source/bin/../lib/gcc/riscv-none-elf/13.2.0/../../../../riscv-none-elf/lib/rv32imafc_zicsr/ilp32f/libg_nano.a(libc_a-wsetup.o)
 .riscv.attributes
                0x00000360       0x42 /nix/store/7cgn622cqyz41hw4z07lv305pfk5n6r0-source/bin/../lib/gcc/riscv-none-elf/13.2.0/../../../../riscv-none-elf/lib/rv32imafc_zicsr/ilp32f/libg_nano.a(libc_a-impure.o)
 .riscv.attributes
                0x000003a2       0x42 /nix/store/7cgn622cqyz41hw4z07lv305pfk5n6r0-source/bin/../lib/gcc/riscv-none-elf/13.2.0/../../../../riscv-none-elf/lib/rv32imafc_zicsr/ilp32f/libg_nano.a(libc_a-lock.o)
 .riscv.attributes
                0x000003e4       0x42 /nix/store/7cgn622cqyz41hw4z07lv305pfk5n6r0-source/bin/../lib/gcc/riscv-none-elf/13.2.0/../../../../riscv-none-elf/lib/rv32imafc_zicsr/ilp32f/libg_nano.a(libc_a-freer.o)
 .riscv.attributes
                0x00000426       0x42 /nix/store/7cgn622cqyz41hw4z07lv305pfk5n6r0-source/bin/../lib/gcc/riscv-none-elf/13.2.0/../../../../riscv-none-elf/lib/rv32imafc_zicsr/ilp32f/libg_nano.a(libc_a-mallocr.o)
 .riscv.attributes
                0x00000468       0x42 /nix/store/7cgn622cqyz41hw4z07lv305pfk5n6r0-source/bin/../lib/gcc/riscv-none-elf/13.2.0/../../../../riscv-none-elf/lib/rv32imafc_zicsr/ilp32f/libg_nano.a(libc_a-mlock.o)
 .riscv.attributes
                0x000004aa       0x42 /nix/store/7cgn622cqyz41hw4z07lv305pfk5n6r0-source/bin/../lib/gcc/riscv-none-elf/13.2.0/../../../../riscv-none-elf/lib/rv32imafc_zicsr/ilp32f/libg_nano.a(libc_a-nano-vfprintf.o)
 .riscv.attributes
                0x000004ec       0x42 /nix/store/7cgn622cqyz41hw4z07lv305pfk5n6r0-source/bin/../lib/gcc/riscv-none-elf/13.2.0/../../../../riscv-none-elf/lib/rv32imafc_zicsr/ilp32f/libg_nano.a(libc_a-nano-vfprintf_i.o)
 .riscv.attributes
                0x0000052e       0x42 /nix/store/7cgn622cqyz41hw4z07lv305pfk5n6r0-source/bin/../lib/gcc/riscv-none-elf/13.2.0/../../../../riscv-none-elf/lib/rv32imafc_zicsr/ilp32f/libg_nano.a(libc_a-fflush.o)
 .riscv.attributes
                0x00000570       0x42 /nix/store/7cgn622cqyz41hw4z07lv305pfk5n6r0-source/bin/../lib/gcc/riscv-none-elf/13.2.0/../../../../riscv-none-elf/lib/rv32imafc_zicsr/ilp32f/libg_nano.a(libc_a-findfp.o)
 .riscv.attributes
                0x000005b2       0x42 /nix/store/7cgn622cqyz41hw4z07lv305pfk5n6r0-source/bin/../lib/gcc/riscv-none-elf/13.2.0/../../../../riscv-none-elf/lib/rv32imafc_zicsr/ilp32f/libg_nano.a(libc_a-fwalk.o)
 .riscv.attributes
                0x000005f4       0x42 /nix/store/7cgn622cqyz41hw4z07lv305pfk5n6r0-source/bin/../lib/gcc/riscv-none-elf/13.2.0/../../../../riscv-none-elf/lib/rv32imafc_zicsr/ilp32f/libg_nano.a(libc_a-makebuf.o)
 .riscv.attributes
                0x00000636       0x42 /nix/store/7cgn622cqyz41hw4z07lv305pfk5n6r0-source/bin/../lib/gcc/riscv-none-elf/13.2.0/../../../../riscv-none-elf/lib/rv32imafc_zicsr/ilp32f/libg_nano.a(libc_a-stdio.o)
 .riscv.attributes
                0x00000678       0x42 /nix/store/7cgn622cqyz41hw4z07lv305pfk5n6r0-source/bin/../lib/gcc/riscv-none-elf/13.2.0/../../../../riscv-none-elf/lib/rv32imafc_zicsr/ilp32f/libg_nano.a(libc_a-memchr.o)
 .riscv.attributes
                0x000006ba       0x42 /nix/store/7cgn622cqyz41hw4z07lv305pfk5n6r0-source/bin/../lib/gcc/riscv-none-elf/13.2.0/../../../../riscv-none-elf/lib/rv32imafc_zicsr/ilp32f/libg_nano.a(libc_a-closer.o)
 .riscv.attributes
                0x000006fc       0x42 /nix/store/7cgn622cqyz41hw4z07lv305pfk5n6r0-source/bin/../lib/gcc/riscv-none-elf/13.2.0/../../../../riscv-none-elf/lib/rv32imafc_zicsr/ilp32f/libg_nano.a(libc_a-reent.o)
 .riscv.attributes
                0x0000073e       0x42 /nix/store/7cgn622cqyz41hw4z07lv305pfk5n6r0-source/bin/../lib/gcc/riscv-none-elf/13.2.0/../../../../riscv-none-elf/lib/rv32imafc_zicsr/ilp32f/libg_nano.a(libc_a-fstatr.o)
 .riscv.attributes
                0x00000780       0x42 /nix/store/7cgn622cqyz41hw4z07lv305pfk5n6r0-source/bin/../lib/gcc/riscv-none-elf/13.2.0/../../../../riscv-none-elf/lib/rv32imafc_zicsr/ilp32f/libg_nano.a(libc_a-isattyr.o)
 .riscv.attributes
                0x000007c2       0x42 /nix/store/7cgn622cqyz41hw4z07lv305pfk5n6r0-source/bin/../lib/gcc/riscv-none-elf/13.2.0/../../../../riscv-none-elf/lib/rv32imafc_zicsr/ilp32f/libg_nano.a(libc_a-lseekr.o)
 .riscv.attributes
                0x00000804       0x42 /nix/store/7cgn622cqyz41hw4z07lv305pfk5n6r0-source/bin/../lib/gcc/riscv-none-elf/13.2.0/../../../../riscv-none-elf/lib/rv32imafc_zicsr/ilp32f/libg_nano.a(libc_a-readr.o)
 .riscv.attributes
                0x00000846       0x42 /nix/store/7cgn622cqyz41hw4z07lv305pfk5n6r0-source/bin/../lib/gcc/riscv-none-elf/13.2.0/../../../../riscv-none-elf/lib/rv32imafc_zicsr/ilp32f/libg_nano.a(libc_a-sbrkr.o)
 .riscv.attributes
                0x00000888       0x42 /nix/store/7cgn622cqyz41hw4z07lv305pfk5n6r0-source/bin/../lib/gcc/riscv-none-elf/13.2.0/../../../../riscv-none-elf/lib/rv32imafc_zicsr/ilp32f/libg_nano.a(libc_a-writer.o)
 .riscv.attributes
                0x000008ca       0x40 /nix/store/7cgn622cqyz41hw4z07lv305pfk5n6r0-source/bin/../lib/gcc/riscv-none-elf/13.2.0/../../../../riscv-none-elf/lib/rv32imafc_zicsr/ilp32f/libg_nano.a(libc_a-memset.o)
 .riscv.attributes
                0x0000090a       0x42 /nix/store/7cgn622cqyz41hw4z07lv305pfk5n6r0-source/bin/../lib/gcc/riscv-none-elf/13.2.0/../../../../riscv-none-elf/lib/rv32imafc_zicsr/ilp32f/libnosys.a(close.o)
 .riscv.attributes
                0x0000094c       0x42 /nix/store/7cgn622cqyz41hw4z07lv305pfk5n6r0-source/bin/../lib/gcc/riscv-none-elf/13.2.0/../../../../riscv-none-elf/lib/rv32imafc_zicsr/ilp32f/libnosys.a(fstat.o)
 .riscv.attributes
                0x0000098e       0x42 /nix/store/7cgn622cqyz41hw4z07lv305pfk5n6r0-source/bin/../lib/gcc/riscv-none-elf/13.2.0/../../../../riscv-none-elf/lib/rv32imafc_zicsr/ilp32f/libnosys.a(isatty.o)
 .riscv.attributes
                0x000009d0       0x42 /nix/store/7cgn622cqyz41hw4z07lv305pfk5n6r0-source/bin/../lib/gcc/riscv-none-elf/13.2.0/../../../../riscv-none-elf/lib/rv32imafc_zicsr/ilp32f/libnosys.a(lseek.o)
 .riscv.attributes
                0x00000a12       0x42 /nix/store/7cgn622cqyz41hw4z07lv305pfk5n6r0-source/bin/../lib/gcc/riscv-none-elf/13.2.0/../../../../riscv-none-elf/lib/rv32imafc_zicsr/ilp32f/libnosys.a(read.o)

.debug_frame    0x00000000      0x72c
 .debug_frame   0x00000000       0x48 ./build/./app/main.c.o
 .debug_frame   0x00000048       0xa4 ./build/./vendor/Debug/debug.c.o
 .debug_frame   0x000000ec       0x30 ./build/./vendor/Peripheral/src/ch32v20x_misc.c.o
 .debug_frame   0x0000011c      0x214 ./build/./vendor/Peripheral/src/ch32v20x_usart.c.o
 .debug_frame   0x00000330      0x150 ./build/./vendor/Peripheral/src/ch32v20x_gpio.c.o
 .debug_frame   0x00000480      0x240 ./build/./vendor/Peripheral/src/ch32v20x_rcc.c.o
 .debug_frame   0x000006c0       0x3c ./build/./vendor/User/system_ch32v20x.c.o
 .debug_frame   0x000006fc       0x30 ./build/./vendor/User/ch32v20x_it.c.o
